Component: ARM Compiler 6.16 Tool: armlink [5dfeaa00]

==============================================================================

Section Cross References

    startup_stm32f407xx.o(RESET) refers to startup_stm32f407xx.o(STACK) for __initial_sp
    startup_stm32f407xx.o(RESET) refers to startup_stm32f407xx.o(.text) for Reset_Handler
    startup_stm32f407xx.o(RESET) refers to stm32f4xx_it.o(.text.NMI_Handler) for NMI_Handler
    startup_stm32f407xx.o(RESET) refers to stm32f4xx_it.o(.text.HardFault_Handler) for HardFault_Handler
    startup_stm32f407xx.o(RESET) refers to stm32f4xx_it.o(.text.MemManage_Handler) for MemManage_Handler
    startup_stm32f407xx.o(RESET) refers to stm32f4xx_it.o(.text.BusFault_Handler) for BusFault_Handler
    startup_stm32f407xx.o(RESET) refers to stm32f4xx_it.o(.text.UsageFault_Handler) for UsageFault_Handler
    startup_stm32f407xx.o(RESET) refers to port.o(.text.SVC_Handler) for SVC_Handler
    startup_stm32f407xx.o(RESET) refers to stm32f4xx_it.o(.text.DebugMon_Handler) for DebugMon_Handler
    startup_stm32f407xx.o(RESET) refers to port.o(.text.PendSV_Handler) for PendSV_Handler
    startup_stm32f407xx.o(RESET) refers to cmsis_os2.o(.text.SysTick_Handler) for SysTick_Handler
    startup_stm32f407xx.o(RESET) refers to stm32f4xx_it.o(.text.DMA1_Stream1_IRQHandler) for DMA1_Stream1_IRQHandler
    startup_stm32f407xx.o(RESET) refers to stm32f4xx_it.o(.text.CAN1_RX0_IRQHandler) for CAN1_RX0_IRQHandler
    startup_stm32f407xx.o(RESET) refers to remote_control.o(.text.USART3_IRQHandler) for USART3_IRQHandler
    startup_stm32f407xx.o(RESET) refers to stm32f4xx_it.o(.text.TIM5_IRQHandler) for TIM5_IRQHandler
    startup_stm32f407xx.o(RESET) refers to stm32f4xx_it.o(.text.CAN2_RX1_IRQHandler) for CAN2_RX1_IRQHandler
    startup_stm32f407xx.o(.text) refers to system_stm32f4xx.o(.text.SystemInit) for SystemInit
    startup_stm32f407xx.o(.text) refers to entry.o(.ARM.Collect$$$$00000000) for __main
    main.o(.text.main) refers to stm32f4xx_hal.o(.text.HAL_Init) for HAL_Init
    main.o(.text.main) refers to main.o(.text.SystemClock_Config) for SystemClock_Config
    main.o(.text.main) refers to gpio.o(.text.MX_GPIO_Init) for MX_GPIO_Init
    main.o(.text.main) refers to dma.o(.text.MX_DMA_Init) for MX_DMA_Init
    main.o(.text.main) refers to can.o(.text.MX_CAN1_Init) for MX_CAN1_Init
    main.o(.text.main) refers to can.o(.text.MX_CAN2_Init) for MX_CAN2_Init
    main.o(.text.main) refers to usart.o(.text.MX_USART3_UART_Init) for MX_USART3_UART_Init
    main.o(.text.main) refers to usart.o(.text.MX_USART6_UART_Init) for MX_USART6_UART_Init
    main.o(.text.main) refers to cmsis_os2.o(.text.osKernelInitialize) for osKernelInitialize
    main.o(.text.main) refers to freertos.o(.text.MX_FREERTOS_Init) for MX_FREERTOS_Init
    main.o(.text.main) refers to cmsis_os2.o(.text.osKernelStart) for osKernelStart
    main.o(.ARM.exidx.text.main) refers to main.o(.text.main) for [Anonymous Symbol]
    main.o(.text.SystemClock_Config) refers to memseta.o(.text) for __aeabi_memclr4
    main.o(.text.SystemClock_Config) refers to stm32f4xx_hal_rcc.o(.text.HAL_RCC_OscConfig) for HAL_RCC_OscConfig
    main.o(.text.SystemClock_Config) refers to main.o(.text.Error_Handler) for Error_Handler
    main.o(.text.SystemClock_Config) refers to stm32f4xx_hal_rcc.o(.text.HAL_RCC_ClockConfig) for HAL_RCC_ClockConfig
    main.o(.ARM.exidx.text.SystemClock_Config) refers to main.o(.text.SystemClock_Config) for [Anonymous Symbol]
    main.o(.ARM.exidx.text.Error_Handler) refers to main.o(.text.Error_Handler) for [Anonymous Symbol]
    main.o(.text.HAL_TIM_PeriodElapsedCallback) refers to stm32f4xx_hal.o(.text.HAL_IncTick) for HAL_IncTick
    main.o(.ARM.exidx.text.HAL_TIM_PeriodElapsedCallback) refers to main.o(.text.HAL_TIM_PeriodElapsedCallback) for [Anonymous Symbol]
    gpio.o(.ARM.exidx.text.MX_GPIO_Init) refers to gpio.o(.text.MX_GPIO_Init) for [Anonymous Symbol]
    freertos.o(.text.MX_FREERTOS_Init) refers to bsp_can.o(.text.can_filter_init) for can_filter_init
    freertos.o(.text.MX_FREERTOS_Init) refers to remote_control.o(.text.remote_control_init) for remote_control_init
    freertos.o(.text.MX_FREERTOS_Init) refers to shoot_control.o(.text.Shoot_Init) for Shoot_Init
    freertos.o(.text.MX_FREERTOS_Init) refers to gimbalcontrol.o(.text.Gimbal_Init) for Gimbal_Init
    freertos.o(.text.MX_FREERTOS_Init) refers to freertos.o(.text.StartDefaultTask) for StartDefaultTask
    freertos.o(.text.MX_FREERTOS_Init) refers to freertos.o(.rodata.defaultTask_attributes) for defaultTask_attributes
    freertos.o(.text.MX_FREERTOS_Init) refers to cmsis_os2.o(.text.osThreadNew) for osThreadNew
    freertos.o(.text.MX_FREERTOS_Init) refers to freertos.o(.bss.defaultTaskHandle) for defaultTaskHandle
    freertos.o(.text.MX_FREERTOS_Init) refers to all_task.o(.text.Shoot_Task) for Shoot_Task
    freertos.o(.text.MX_FREERTOS_Init) refers to freertos.o(.rodata.Shoot_attributes) for Shoot_attributes
[...]
    [Anonymous Symbol]                       0x080064d8   Section        0  tasks.o(.text.vTaskSuspendAll)
    [Anonymous Symbol]                       0x080064e8   Section        0  tasks.o(.text.vTaskSwitchContext)
    [Anonymous Symbol]                       0x080065b0   Section        0  port.o(.text.xPortStartScheduler)
    [Anonymous Symbol]                       0x08006708   Section        0  port.o(.text.xPortSysTickHandler)
    [Anonymous Symbol]                       0x08006744   Section        0  queue.o(.text.xQueueGenericCreateStatic)
    [Anonymous Symbol]                       0x08006854   Section        0  queue.o(.text.xQueueGenericReset)
    [Anonymous Symbol]                       0x08006910   Section        0  queue.o(.text.xQueueGenericSend)
    [Anonymous Symbol]                       0x08006b3c   Section        0  queue.o(.text.xQueueGenericSendFromISR)
    [Anonymous Symbol]                       0x08006c88   Section        0  queue.o(.text.xQueueReceive)
    [Anonymous Symbol]                       0x08006e64   Section        0  tasks.o(.text.xTaskCheckForTimeOut)
    [Anonymous Symbol]                       0x08006f30   Section        0  tasks.o(.text.xTaskCreate)
    [Anonymous Symbol]                       0x08006fd0   Section        0  tasks.o(.text.xTaskCreateStatic)
    [Anonymous Symbol]                       0x080070a0   Section        0  tasks.o(.text.xTaskGetSchedulerState)
    [Anonymous Symbol]                       0x080070d8   Section        0  tasks.o(.text.xTaskGetTickCount)
    [Anonymous Symbol]                       0x080070ec   Section        0  tasks.o(.text.xTaskIncrementTick)
    [Anonymous Symbol]                       0x080072b0   Section        0  tasks.o(.text.xTaskPriorityDisinherit)
    [Anonymous Symbol]                       0x0800739c   Section        0  tasks.o(.text.xTaskRemoveFromEventList)
    [Anonymous Symbol]                       0x0800746c   Section        0  tasks.o(.text.xTaskResumeAll)
    [Anonymous Symbol]                       0x080075f4   Section        0  timers.o(.text.xTimerCreateTimerTask)
    [Anonymous Symbol]                       0x08007688   Section        0  timers.o(.text.xTimerGenericCommand)
    i.__scatterload_copy                     0x08007738   Section       14  handlers.o(i.__scatterload_copy)
    i.__scatterload_null                     0x08007746   Section        2  handlers.o(i.__scatterload_null)
    i.__scatterload_zeroinit                 0x08007748   Section       14  handlers.o(i.__scatterload_zeroinit)
    DMA_CalcBaseAndBitshift.flagBitshiftOffset 0x0800776e   Data           8  stm32f4xx_hal_dma.o(.rodata.DMA_CalcBaseAndBitshift.flagBitshiftOffset)
    [Anonymous Symbol]                       0x0800776e   Section        0  stm32f4xx_hal_dma.o(.rodata.DMA_CalcBaseAndBitshift.flagBitshiftOffset)
    [Anonymous Symbol]                       0x0800782c   Section        0  freertos.o(.rodata.str1.1)
    .L.str                                   0x08007856   Data           5  tasks.o(.rodata.str1.1)
    [Anonymous Symbol]                       0x08007856   Section        0  tasks.o(.rodata.str1.1)
    .L.str.1                                 0x0800785b   Data           5  timers.o(.rodata.str1.1)
    [Anonymous Symbol]                       0x0800785b   Section        0  timers.o(.rodata.str1.1)
    .L.str                                   0x08007860   Data           8  timers.o(.rodata.str1.1)
    uxCriticalNesting                        0x2000000c   Data           4  port.o(.data.uxCriticalNesting)
    [Anonymous Symbol]                       0x2000000c   Section        0  port.o(.data.uxCriticalNesting)
    HAL_CAN_RxFifo0MsgPendingCallback.can_1_motor_idx 0x20000294   Data           1  can_receive.o(.bss.HAL_CAN_RxFifo0MsgPendingCallback.can_1_motor_idx)
    [Anonymous Symbol]                       0x20000294   Section        0  can_receive.o(.bss.HAL_CAN_RxFifo0MsgPendingCallback.can_1_motor_idx)
    HAL_CAN_RxFifo1MsgPendingCallback.can_2_motor_idx 0x20000295   Data           1  can_receive.o(.bss.HAL_CAN_RxFifo1MsgPendingCallback.can_2_motor_idx)
    [Anonymous Symbol]                       0x20000295   Section        0  can_receive.o(.bss.HAL_CAN_RxFifo1MsgPendingCallback.can_2_motor_idx)
    HAL_RCC_CAN1_CLK_ENABLED                 0x20000298   Data           4  can.o(.bss.HAL_RCC_CAN1_CLK_ENABLED)
    [Anonymous Symbol]                       0x20000298   Section        0  can.o(.bss.HAL_RCC_CAN1_CLK_ENABLED)
    KernelState                              0x2000029c   Data           4  cmsis_os2.o(.bss.KernelState)
    [Anonymous Symbol]                       0x2000029c   Section        0  cmsis_os2.o(.bss.KernelState)
    USART3_IRQHandler.this_time_rx_len       0x20000408   Data           2  remote_control.o(.bss.USART3_IRQHandler.this_time_rx_len)
    [Anonymous Symbol]                       0x20000408   Section        0  remote_control.o(.bss.USART3_IRQHandler.this_time_rx_len)
    chassis_can_send_data                    0x200004b0   Data           8  can_receive.o(.bss.chassis_can_send_data)
    [Anonymous Symbol]                       0x200004b0   Section        0  can_receive.o(.bss.chassis_can_send_data)
    chassis_tx_message                       0x200004b8   Data          24  can_receive.o(.bss.chassis_tx_message)
    [Anonymous Symbol]                       0x200004b8   Section        0  can_receive.o(.bss.chassis_tx_message)
    gimbal_can_send_data                     0x200004d4   Data           8  can_receive.o(.bss.gimbal_can_send_data)
    [Anonymous Symbol]                       0x200004d4   Section        0  can_receive.o(.bss.gimbal_can_send_data)
    gimbal_can_send_data_Fire                0x200004dc   Data           8  can_receive.o(.bss.gimbal_can_send_data_Fire)
    [Anonymous Symbol]                       0x200004dc   Section        0  can_receive.o(.bss.gimbal_can_send_data_Fire)
    gimbal_tx_message                        0x200004e4   Data          24  can_receive.o(.bss.gimbal_tx_message)
    [Anonymous Symbol]                       0x200004e4   Section        0  can_receive.o(.bss.gimbal_tx_message)
    gimbal_tx_message_Fire                   0x200004fc   Data          24  can_receive.o(.bss.gimbal_tx_message_Fire)
    [Anonymous Symbol]                       0x200004fc   Section        0  can_receive.o(.bss.gimbal_tx_message_Fire)
    motor_chassis                            0x2000069c   Data          70  can_receive.o(.bss.motor_chassis)
    [Anonymous Symbol]                       0x2000069c   Section        0  can_receive.o(.bss.motor_chassis)
    prvCheckForValidListAndQueue.ucStaticTimerQueueStorage 0x200006e2   Data         160  timers.o(.bss.prvCheckForValidListAndQueue.ucStaticTimerQueueStorage)
    [Anonymous Symbol]                       0x200006e2   Section        0  timers.o(.bss.prvCheckForValidListAndQueue.ucStaticTimerQueueStorage)
    prvCheckForValidListAndQueue.xStaticTimerQueue 0x20000784   Data          80  timers.o(.bss.prvCheckForValidListAndQueue.xStaticTimerQueue)
    [Anonymous Symbol]                       0x20000784   Section        0  timers.o(.bss.prvCheckForValidListAndQueue.xStaticTimerQueue)
    prvSampleTimeNow.xLastTime               0x200007d4   Data           4  timers.o(.bss.prvSampleTimeNow.xLastTime)
    [Anonymous Symbol]                       0x200007d4   Section        0  timers.o(.bss.prvSampleTimeNow.xLastTime)
    pxCurrentTimerList                       0x200007dc   Data           4  timers.o(.bss.pxCurrentTimerList)
    [Anonymous Symbol]                       0x200007dc   Section        0  timers.o(.bss.pxCurrentTimerList)
    pxDelayedTaskList                        0x200007e0   Data           4  tasks.o(.bss.pxDelayedTaskList)
    [Anonymous Symbol]                       0x200007e0   Section        0  tasks.o(.bss.pxDelayedTaskList)
    pxEnd                                    0x200007e4   Data           4  heap_4.o(.bss.pxEnd)
    [Anonymous Symbol]                       0x200007e4   Section        0  heap_4.o(.bss.pxEnd)
    pxOverflowDelayedTaskList                0x200007e8   Data           4  tasks.o(.bss.pxOverflowDelayedTaskList)
    [Anonymous Symbol]                       0x200007e8   Section        0  tasks.o(.bss.pxOverflowDelayedTaskList)
    pxOverflowTimerList                      0x200007ec   Data           4  timers.o(.bss.pxOverflowTimerList)
    [Anonymous Symbol]                       0x200007ec   Section        0  timers.o(.bss.pxOverflowTimerList)
    pxReadyTasksLists                        0x200007f0   Data        1120  tasks.o(.bss.pxReadyTasksLists)
    [Anonymous Symbol]                       0x200007f0   Section        0  tasks.o(.bss.pxReadyTasksLists)
    sbus_rx_buf                              0x20000c66   Data          72  remote_control.o(.bss.sbus_rx_buf)
    [Anonymous Symbol]                       0x20000c66   Section        0  remote_control.o(.bss.sbus_rx_buf)
    ucHeap                                   0x20000cae   Data       15360  heap_4.o(.bss.ucHeap)
    [Anonymous Symbol]                       0x20000cae   Section        0  heap_4.o(.bss.ucHeap)
    ucMaxSysCallPriority                     0x200048ae   Data           1  port.o(.bss.ucMaxSysCallPriority)
    [Anonymous Symbol]                       0x200048ae   Section        0  port.o(.bss.ucMaxSysCallPriority)
    ulMaxPRIGROUPValue                       0x200048b0   Data           4  port.o(.bss.ulMaxPRIGROUPValue)
    [Anonymous Symbol]                       0x200048b0   Section        0  port.o(.bss.ulMaxPRIGROUPValue)
    uxCurrentNumberOfTasks                   0x200048b8   Data           4  tasks.o(.bss.uxCurrentNumberOfTasks)
    [Anonymous Symbol]                       0x200048b8   Section        0  tasks.o(.bss.uxCurrentNumberOfTasks)
    uxDeletedTasksWaitingCleanUp             0x200048bc   Data           4  tasks.o(.bss.uxDeletedTasksWaitingCleanUp)
    [Anonymous Symbol]                       0x200048bc   Section        0  tasks.o(.bss.uxDeletedTasksWaitingCleanUp)
    uxSchedulerSuspended                     0x200048c0   Data           4  tasks.o(.bss.uxSchedulerSuspended)
    [Anonymous Symbol]                       0x200048c0   Section        0  tasks.o(.bss.uxSchedulerSuspended)
    uxTaskNumber                             0x200048c4   Data           4  tasks.o(.bss.uxTaskNumber)
    [Anonymous Symbol]                       0x200048c4   Section        0  tasks.o(.bss.uxTaskNumber)
    uxTopReadyPriority                       0x200048c8   Data           4  tasks.o(.bss.uxTopReadyPriority)
    [Anonymous Symbol]                       0x200048c8   Section        0  tasks.o(.bss.uxTopReadyPriority)
    vApplicationGetIdleTaskMemory.Idle_Stack 0x200048cc   Data         512  cmsis_os2.o(.bss.vApplicationGetIdleTaskMemory.Idle_Stack)
    [Anonymous Symbol]                       0x200048cc   Section        0  cmsis_os2.o(.bss.vApplicationGetIdleTaskMemory.Idle_Stack)
    vApplicationGetIdleTaskMemory.Idle_TCB   0x20004acc   Data          92  cmsis_os2.o(.bss.vApplicationGetIdleTaskMemory.Idle_TCB)
    [Anonymous Symbol]                       0x20004acc   Section        0  cmsis_os2.o(.bss.vApplicationGetIdleTaskMemory.Idle_TCB)
    vApplicationGetTimerTaskMemory.Timer_Stack 0x20004b28   Data        1024  cmsis_os2.o(.bss.vApplicationGetTimerTaskMemory.Timer_Stack)
    [Anonymous Symbol]                       0x20004b28   Section        0  cmsis_os2.o(.bss.vApplicationGetTimerTaskMemory.Timer_Stack)
    vApplicationGetTimerTaskMemory.Timer_TCB 0x20004f28   Data          92  cmsis_os2.o(.bss.vApplicationGetTimerTaskMemory.Timer_TCB)
    [Anonymous Symbol]                       0x20004f28   Section        0  cmsis_os2.o(.bss.vApplicationGetTimerTaskMemory.Timer_TCB)
    xActiveTimerList1                        0x20004f84   Data          20  timers.o(.bss.xActiveTimerList1)
    [Anonymous Symbol]                       0x20004f84   Section        0  timers.o(.bss.xActiveTimerList1)
    xActiveTimerList2                        0x20004f98   Data          20  timers.o(.bss.xActiveTimerList2)
    [Anonymous Symbol]                       0x20004f98   Section        0  timers.o(.bss.xActiveTimerList2)
    xBlockAllocatedBit                       0x20004fac   Data           4  heap_4.o(.bss.xBlockAllocatedBit)
    [Anonymous Symbol]                       0x20004fac   Section        0  heap_4.o(.bss.xBlockAllocatedBit)
    xDelayedTaskList1                        0x20004fb0   Data          20  tasks.o(.bss.xDelayedTaskList1)
    [Anonymous Symbol]                       0x20004fb0   Section        0  tasks.o(.bss.xDelayedTaskList1)
    xDelayedTaskList2                        0x20004fc4   Data          20  tasks.o(.bss.xDelayedTaskList2)
    [Anonymous Symbol]                       0x20004fc4   Section        0  tasks.o(.bss.xDelayedTaskList2)
    xFreeBytesRemaining                      0x20004fd8   Data           4  heap_4.o(.bss.xFreeBytesRemaining)
    [Anonymous Symbol]                       0x20004fd8   Section        0  heap_4.o(.bss.xFreeBytesRemaining)
    xIdleTaskHandle                          0x20004fdc   Data           4  tasks.o(.bss.xIdleTaskHandle)
    [Anonymous Symbol]                       0x20004fdc   Section        0  tasks.o(.bss.xIdleTaskHandle)
    xMinimumEverFreeBytesRemaining           0x20004fe0   Data           4  heap_4.o(.bss.xMinimumEverFreeBytesRemaining)
    [Anonymous Symbol]                       0x20004fe0   Section        0  heap_4.o(.bss.xMinimumEverFreeBytesRemaining)
    xNextTaskUnblockTime                     0x20004fe4   Data           4  tasks.o(.bss.xNextTaskUnblockTime)
    [Anonymous Symbol]                       0x20004fe4   Section        0  tasks.o(.bss.xNextTaskUnblockTime)
    xNumOfOverflows                          0x20004fe8   Data           4  tasks.o(.bss.xNumOfOverflows)
    [Anonymous Symbol]                       0x20004fe8   Section        0  tasks.o(.bss.xNumOfOverflows)
    xNumberOfSuccessfulAllocations           0x20004fec   Data           4  heap_4.o(.bss.xNumberOfSuccessfulAllocations)
    [Anonymous Symbol]                       0x20004fec   Section        0  heap_4.o(.bss.xNumberOfSuccessfulAllocations)
    xNumberOfSuccessfulFrees                 0x20004ff0   Data           4  heap_4.o(.bss.xNumberOfSuccessfulFrees)
    [Anonymous Symbol]                       0x20004ff0   Section        0  heap_4.o(.bss.xNumberOfSuccessfulFrees)
    xPendedTicks                             0x20004ff4   Data           4  tasks.o(.bss.xPendedTicks)
    [Anonymous Symbol]                       0x20004ff4   Section        0  tasks.o(.bss.xPendedTicks)
    xPendingReadyList                        0x20004ff8   Data          20  tasks.o(.bss.xPendingReadyList)
    [Anonymous Symbol]                       0x20004ff8   Section        0  tasks.o(.bss.xPendingReadyList)
    xSchedulerRunning                        0x2000504c   Data           4  tasks.o(.bss.xSchedulerRunning)
    [Anonymous Symbol]                       0x2000504c   Section        0  tasks.o(.bss.xSchedulerRunning)
    xStart                                   0x20005050   Data           8  heap_4.o(.bss.xStart)
    [Anonymous Symbol]                       0x20005050   Section        0  heap_4.o(.bss.xStart)
    xSuspendedTaskList                       0x20005058   Data          20  tasks.o(.bss.xSuspendedTaskList)
    [Anonymous Symbol]                       0x20005058   Section        0  tasks.o(.bss.xSuspendedTaskList)
    xTasksWaitingTermination                 0x2000506c   Data          20  tasks.o(.bss.xTasksWaitingTermination)
    [Anonymous Symbol]                       0x2000506c   Section        0  tasks.o(.bss.xTasksWaitingTermination)
    xTickCount                               0x20005080   Data           4  tasks.o(.bss.xTickCount)
    [Anonymous Symbol]                       0x20005080   Section        0  tasks.o(.bss.xTickCount)
    xTimerQueue                              0x20005084   Data           4  timers.o(.bss.xTimerQueue)
    [Anonymous Symbol]                       0x20005084   Section        0  timers.o(.bss.xTimerQueue)
    xTimerTaskHandle                         0x20005088   Data           4  timers.o(.bss.xTimerTaskHandle)
    [Anonymous Symbol]                       0x20005088   Section        0  timers.o(.bss.xTimerTaskHandle)
    xYieldPending                            0x2000508c   Data           4  tasks.o(.bss.xYieldPending)
    [Anonymous Symbol]                       0x2000508c   Section        0  tasks.o(.bss.xYieldPending)
    STACK                                    0x20005090   Section    16384  startup_stm32f407xx.o(STACK)

    Global Symbols

    Symbol Name                              Value     Ov Type        Size  Object(Section)

    BuildAttributes$$THM_ISAv4$E$P$D$K$B$S$7EM$VFPi3$EXTD16$VFPS$VFMA$PE$A:L22UL41UL21$X:L11$S22US41US21$IEEE1$IW$~IW$USESV6$~STKCKD$USESV7$~SHL$OSPACE$EBA8$MICROLIB$REQ8$PRES8$EABIv2 0x00000000   Number         0  anon$$obj.o ABSOLUTE
    __cpp_initialize__aeabi_                  - Undefined Weak Reference
    __cxa_finalize                            - Undefined Weak Reference
    __decompress                              - Undefined Weak Reference
    _clock_init                               - Undefined Weak Reference
    _microlib_exit                            - Undefined Weak Reference
    __Vectors_Size                           0x00000188   Number         0  startup_stm32f407xx.o ABSOLUTE
    __Vectors                                0x08000000   Data           4  startup_stm32f407xx.o(RESET)
    __Vectors_End                            0x08000188   Data           0  startup_stm32f407xx.o(RESET)
    __main                                   0x08000189   Thumb Code     0  entry.o(.ARM.Collect$$$$00000000)
    _main_stk                                0x08000189   Thumb Code     0  entry2.o(.ARM.Collect$$$$00000001)
    _main_scatterload                        0x0800018d   Thumb Code     0  entry5.o(.ARM.Collect$$$$00000004)
    __main_after_scatterload                 0x08000191   Thumb Code     0  entry5.o(.ARM.Collect$$$$00000004)
    _main_clock                              0x08000191   Thumb Code     0  entry7b.o(.ARM.Collect$$$$00000008)
    _main_cpp_init                           0x08000191   Thumb Code     0  entry8b.o(.ARM.Collect$$$$0000000A)
    _main_init                               0x08000191   Thumb Code     0  entry9a.o(.ARM.Collect$$$$0000000B)
    __rt_final_cpp                           0x08000199   Thumb Code     0  entry10a.o(.ARM.Collect$$$$0000000D)
    __rt_final_exit                          0x08000199   Thumb Code     0  entry11a.o(.ARM.Collect$$$$0000000F)
    Reset_Handler                            0x0800019d   Thumb Code     8  startup_stm32f407xx.o(.text)
    ADC_IRQHandler                           0x080001b7   Thumb Code     0  startup_stm32f407xx.o(.text)
    CAN1_RX1_IRQHandler                      0x080001b7   Thumb Code     0  startup_stm32f407xx.o(.text)
    CAN1_SCE_IRQHandler                      0x080001b7   Thumb Code     0  startup_stm32f407xx.o(.text)
    CAN1_TX_IRQHandler                       0x080001b7   Thumb Code     0  startup_stm32f407xx.o(.text)
    CAN2_RX0_IRQHandler                      0x080001b7   Thumb Code     0  startup_stm32f407xx.o(.text)
    CAN2_SCE_IRQHandler                      0x080001b7   Thumb Code     0  startup_stm32f407xx.o(.text)
    CAN2_TX_IRQHandler                       0x080001b7   Thumb Code     0  startup_stm32f407xx.o(.text)
    DCMI_IRQHandler                          0x080001b7   Thumb Code     0  startup_stm32f407xx.o(.text)
    DMA1_Stream0_IRQHandler                  0x080001b7   Thumb Code     0  startup_stm32f407xx.o(.text)
    DMA1_Stream2_IRQHandler                  0x080001b7   Thumb Code     0  startup_stm32f407xx.o(.text)
    DMA1_Stream3_IRQHandler                  0x080001b7   Thumb Code     0  startup_stm32f407xx.o(.text)
    DMA1_Stream4_IRQHandler                  0x080001b7   Thumb Code     0  startup_stm32f407xx.o(.text)
    DMA1_Stream5_IRQHandler                  0x080001b7   Thumb Code     0  startup_stm32f407xx.o(.text)
    DMA1_Stream6_IRQHandler                  0x080001b7   Thumb Code     0  startup_stm32f407xx.o(.text)
    DMA1_Stream7_IRQHandler                  0x080001b7   Thumb Code     0  startup_stm32f407xx.o(.text)
    DMA2_Stream0_IRQHandler                  0x080001b7   Thumb Code     0  startup_stm32f407xx.o(.text)
    DMA2_Stream1_IRQHandler                  0x080001b7   Thumb Code     0  startup_stm32f407xx.o(.text)
    DMA2_Stream2_IRQHandler                  0x080001b7   Thumb Code     0  startup_stm32f407xx.o(.text)
    DMA2_Stream3_IRQHandler                  0x080001b7   Thumb Code     0  startup_stm32f407xx.o(.text)
    DMA2_Stream4_IRQHandler                  0x080001b7   Thumb Code     0  startup_stm32f407xx.o(.text)
    DMA2_Stream5_IRQHandler                  0x080001b7   Thumb Code     0  startup_stm32f407xx.o(.text)
    DMA2_Stream6_IRQHandler                  0x080001b7   Thumb Code     0  startup_stm32f407xx.o(.text)
    DMA2_Stream7_IRQHandler                  0x080001b7   Thumb Code     0  startup_stm32f407xx.o(.text)
    ETH_IRQHandler                           0x080001b7   Thumb Code     0  startup_stm32f407xx.o(.text)
    ETH_WKUP_IRQHandler                      0x080001b7   Thumb Code     0  startup_stm32f407xx.o(.text)
    EXTI0_IRQHandler                         0x080001b7   Thumb Code     0  startup_stm32f407xx.o(.text)
    EXTI15_10_IRQHandler                     0x080001b7   Thumb Code     0  startup_stm32f407xx.o(.text)
    EXTI1_IRQHandler                         0x080001b7   Thumb Code     0  startup_stm32f407xx.o(.text)
    EXTI2_IRQHandler                         0x080001b7   Thumb Code     0  startup_stm32f407xx.o(.text)
    EXTI3_IRQHandler                         0x080001b7   Thumb Code     0  startup_stm32f407xx.o(.text)
    EXTI4_IRQHandler                         0x080001b7   Thumb Code     0  startup_stm32f407xx.o(.text)
    EXTI9_5_IRQHandler                       0x080001b7   Thumb Code     0  startup_stm32f407xx.o(.text)
    FLASH_IRQHandler                         0x080001b7   Thumb Code     0  startup_stm32f407xx.o(.text)
    FMC_IRQHandler                           0x080001b7   Thumb Code     0  startup_stm32f407xx.o(.text)
    FPU_IRQHandler                           0x080001b7   Thumb Code     0  startup_stm32f407xx.o(.text)
    HASH_RNG_IRQHandler                      0x080001b7   Thumb Code     0  startup_stm32f407xx.o(.text)
    I2C1_ER_IRQHandler                       0x080001b7   Thumb Code     0  startup_stm32f407xx.o(.text)
    I2C1_EV_IRQHandler                       0x080001b7   Thumb Code     0  startup_stm32f407xx.o(.text)
    I2C2_ER_IRQHandler                       0x080001b7   Thumb Code     0  startup_stm32f407xx.o(.text)
    I2C2_EV_IRQHandler                       0x080001b7   Thumb Code     0  startup_stm32f407xx.o(.text)
    I2C3_ER_IRQHandler                       0x080001b7   Thumb Code     0  startup_stm32f407xx.o(.text)
    I2C3_EV_IRQHandler                       0x080001b7   Thumb Code     0  startup_stm32f407xx.o(.text)
    OTG_FS_IRQHandler                        0x080001b7   Thumb Code     0  startup_stm32f407xx.o(.text)
    OTG_FS_WKUP_IRQHandler                   0x080001b7   Thumb Code     0  startup_stm32f407xx.o(.text)
    OTG_HS_EP1_IN_IRQHandler                 0x080001b7   Thumb Code     0  startup_stm32f407xx.o(.text)
    OTG_HS_EP1_OUT_IRQHandler                0x080001b7   Thumb Code     0  startup_stm32f407xx.o(.text)
    OTG_HS_IRQHandler                        0x080001b7   Thumb Code     0  startup_stm32f407xx.o(.text)
    OTG_HS_WKUP_IRQHandler                   0x080001b7   Thumb Code     0  startup_stm32f407xx.o(.text)
    PVD_IRQHandler                           0x080001b7   Thumb Code     0  startup_stm32f407xx.o(.text)
    RCC_IRQHandler                           0x080001b7   Thumb Code     0  startup_stm32f407xx.o(.text)
    RTC_Alarm_IRQHandler                     0x080001b7   Thumb Code     0  startup_stm32f407xx.o(.text)
    RTC_WKUP_IRQHandler                      0x080001b7   Thumb Code     0  startup_stm32f407xx.o(.text)
    SDIO_IRQHandler                          0x080001b7   Thumb Code     0  startup_stm32f407xx.o(.text)
    SPI1_IRQHandler                          0x080001b7   Thumb Code     0  startup_stm32f407xx.o(.text)
    SPI2_IRQHandler                          0x080001b7   Thumb Code     0  startup_stm32f407xx.o(.text)
    SPI3_IRQHandler                          0x080001b7   Thumb Code     0  startup_stm32f407xx.o(.text)
    TAMP_STAMP_IRQHandler                    0x080001b7   Thumb Code     0  startup_stm32f407xx.o(.text)
    TIM1_BRK_TIM9_IRQHandler                 0x080001b7   Thumb Code     0  startup_stm32f407xx.o(.text)
    TIM1_CC_IRQHandler                       0x080001b7   Thumb Code     0  startup_stm32f407xx.o(.text)
    TIM1_TRG_COM_TIM11_IRQHandler            0x080001b7   Thumb Code     0  startup_stm32f407xx.o(.text)
    TIM1_UP_TIM10_IRQHandler                 0x080001b7   Thumb Code     0  startup_stm32f407xx.o(.text)
    TIM2_IRQHandler                          0x080001b7   Thumb Code     0  startup_stm32f407xx.o(.text)
    TIM3_IRQHandler                          0x080001b7   Thumb Code     0  startup_stm32f407xx.o(.text)
    TIM4_IRQHandler                          0x080001b7   Thumb Code     0  startup_stm32f407xx.o(.text)
    TIM6_DAC_IRQHandler                      0x080001b7   Thumb Code     0  startup_stm32f407xx.o(.text)
    TIM7_IRQHandler                          0x080001b7   Thumb Code     0  startup_stm32f407xx.o(.text)
    TIM8_BRK_TIM12_IRQHandler                0x080001b7   Thumb Code     0  startup_stm32f407xx.o(.text)
    TIM8_CC_IRQHandler                       0x080001b7   Thumb Code     0  startup_stm32f407xx.o(.text)
    TIM8_TRG_COM_TIM14_IRQHandler            0x080001b7   Thumb Code     0  startup_stm32f407xx.o(.text)
    TIM8_UP_TIM13_IRQHandler                 0x080001b7   Thumb Code     0  startup_stm32f407xx.o(.text)
    UART4_IRQHandler                         0x080001b7   Thumb Code     0  startup_stm32f407xx.o(.text)
    UART5_IRQHandler                         0x080001b7   Thumb Code     0  startup_stm32f407xx.o(.text)
    USART1_IRQHandler                        0x080001b7   Thumb Code     0  startup_stm32f407xx.o(.text)
    USART2_IRQHandler                        0x080001b7   Thumb Code     0  startup_stm32f407xx.o(.text)
    USART6_IRQHandler                        0x080001b7   Thumb Code     0  startup_stm32f407xx.o(.text)
    WWDG_IRQHandler                          0x080001b7   Thumb Code     0  startup_stm32f407xx.o(.text)
    __aeabi_uldivmod                         0x080001c1   Thumb Code    98  uldiv.o(.text)
    __aeabi_memcpy                           0x08000223   Thumb Code    36  memcpya.o(.text)
    __aeabi_memcpy4                          0x08000223   Thumb Code     0  memcpya.o(.text)
    __aeabi_memcpy8                          0x08000223   Thumb Code     0  memcpya.o(.text)
    __aeabi_memset                           0x08000247   Thumb Code    14  memseta.o(.text)
    __aeabi_memset4                          0x08000247   Thumb Code     0  memseta.o(.text)
    __aeabi_memset8                          0x08000247   Thumb Code     0  memseta.o(.text)
    __aeabi_memclr                           0x08000255   Thumb Code     4  memseta.o(.text)
    __aeabi_memclr4                          0x08000255   Thumb Code     0  memseta.o(.text)
    __aeabi_memclr8                          0x08000255   Thumb Code     0  memseta.o(.text)
    _memset$wrapper                          0x08000259   Thumb Code    18  memseta.o(.text)
    __aeabi_llsl                             0x0800026b   Thumb Code    30  llshl.o(.text)
    _ll_shift_l                              0x0800026b   Thumb Code     0  llshl.o(.text)
    __aeabi_llsr                             0x08000289   Thumb Code    32  llushr.o(.text)
    _ll_ushift_r                             0x08000289   Thumb Code     0  llushr.o(.text)
    __scatterload                            0x080002a9   Thumb Code    28  init.o(.text)
    __scatterload_rt2                        0x080002a9   Thumb Code     0  init.o(.text)
    BusFault_Handler                         0x080002cd   Thumb Code     4  stm32f4xx_it.o(.text.BusFault_Handler)
    CAN1_RX0_IRQHandler                      0x080002d1   Thumb Code    16  stm32f4xx_it.o(.text.CAN1_RX0_IRQHandler)
    CAN2_RX1_IRQHandler                      0x080002e1   Thumb Code    16  stm32f4xx_it.o(.text.CAN2_RX1_IRQHandler)
    CAN_cmd_Shoot                            0x080002f1   Thumb Code   162  can_receive.o(.text.CAN_cmd_Shoot)
    CAN_cmd_gimbal                           0x08000395   Thumb Code   112  can_receive.o(.text.CAN_cmd_gimbal)
    CAN_cmd_gimbal_Frie                      0x08000405   Thumb Code   132  can_receive.o(.text.CAN_cmd_gimbal_Frie)
    DMA1_Stream1_IRQHandler                  0x08000489   Thumb Code    16  stm32f4xx_it.o(.text.DMA1_Stream1_IRQHandler)
    DebugMon_Handler                         0x080005e1   Thumb Code     2  stm32f4xx_it.o(.text.DebugMon_Handler)
    Error_Handler                            0x080005e5   Thumb Code     6  main.o(.text.Error_Handler)
    Gimbal_Init                              0x080005ed   Thumb Code    22  gimbalcontrol.o(.text.Gimbal_Init)
    Gimbal_Task                              0x08000605   Thumb Code    48  all_task.o(.text.Gimbal_Task)
    HAL_CAN_ActivateNotification             0x08000635   Thumb Code    82  stm32f4xx_hal_can.o(.text.HAL_CAN_ActivateNotification)
    HAL_CAN_AddTxMessage                     0x08000689   Thumb Code   342  stm32f4xx_hal_can.o(.text.HAL_CAN_AddTxMessage)
    HAL_CAN_ConfigFilter                     0x080007e1   Thumb Code   414  stm32f4xx_hal_can.o(.text.HAL_CAN_ConfigFilter)
    HAL_CAN_ErrorCallback                    0x08000981   Thumb Code     8  stm32f4xx_hal_can.o(.text.HAL_CAN_ErrorCallback)
    HAL_CAN_GetRxMessage                     0x08000989   Thumb Code   530  stm32f4xx_hal_can.o(.text.HAL_CAN_GetRxMessage)
    HAL_CAN_IRQHandler                       0x08000b9d   Thumb Code  1010  stm32f4xx_hal_can.o(.text.HAL_CAN_IRQHandler)
    HAL_CAN_Init                             0x08000f91   Thumb Code   478  stm32f4xx_hal_can.o(.text.HAL_CAN_Init)
    HAL_CAN_MspInit                          0x08001171   Thumb Code   388  can.o(.text.HAL_CAN_MspInit)
    HAL_CAN_RxFifo0FullCallback              0x080012f5   Thumb Code     8  stm32f4xx_hal_can.o(.text.HAL_CAN_RxFifo0FullCallback)
    HAL_CAN_RxFifo0MsgPendingCallback        0x080012fd   Thumb Code   242  can_receive.o(.text.HAL_CAN_RxFifo0MsgPendingCallback)
    HAL_CAN_RxFifo1FullCallback              0x080013f1   Thumb Code     8  stm32f4xx_hal_can.o(.text.HAL_CAN_RxFifo1FullCallback)
    HAL_CAN_RxFifo1MsgPendingCallback        0x080013f9   Thumb Code   242  can_receive.o(.text.HAL_CAN_RxFifo1MsgPendingCallback)
    HAL_CAN_SleepCallback                    0x080014ed   Thumb Code     8  stm32f4xx_hal_can.o(.text.HAL_CAN_SleepCallback)
    HAL_CAN_Start                            0x080014f5   Thumb Code   138  stm32f4xx_hal_can.o(.text.HAL_CAN_Start)
    HAL_CAN_TxMailbox0AbortCallback          0x08001581   Thumb Code     8  stm32f4xx_hal_can.o(.text.HAL_CAN_TxMailbox0AbortCallback)
    HAL_CAN_TxMailbox0CompleteCallback       0x08001589   Thumb Code     8  stm32f4xx_hal_can.o(.text.HAL_CAN_TxMailbox0CompleteCallback)
    HAL_CAN_TxMailbox1AbortCallback          0x08001591   Thumb Code     8  stm32f4xx_hal_can.o(.text.HAL_CAN_TxMailbox1AbortCallback)
    HAL_CAN_TxMailbox1CompleteCallback       0x08001599   Thumb Code     8  stm32f4xx_hal_can.o(.text.HAL_CAN_TxMailbox1CompleteCallback)
    HAL_CAN_TxMailbox2AbortCallback          0x080015a1   Thumb Code     8  stm32f4xx_hal_can.o(.text.HAL_CAN_TxMailbox2AbortCallback)
    HAL_CAN_TxMailbox2CompleteCallback       0x080015a9   Thumb Code     8  stm32f4xx_hal_can.o(.text.HAL_CAN_TxMailbox2CompleteCallback)
    HAL_CAN_WakeUpFromRxMsgCallback          0x080015b1   Thumb Code     8  stm32f4xx_hal_can.o(.text.HAL_CAN_WakeUpFromRxMsgCallback)
    HAL_DMA_IRQHandler                       0x080015b9   Thumb Code   798  stm32f4xx_hal_dma.o(.text.HAL_DMA_IRQHandler)
    HAL_DMA_Init                             0x080018d9   Thumb Code   366  stm32f4xx_hal_dma.o(.text.HAL_DMA_Init)
    HAL_GPIO_Init                            0x08001a49   Thumb Code   950  stm32f4xx_hal_gpio.o(.text.HAL_GPIO_Init)
    HAL_GetTick                              0x08001e01   Thumb Code    12  stm32f4xx_hal.o(.text.HAL_GetTick)
    HAL_IncTick                              0x08001e0d   Thumb Code    26  stm32f4xx_hal.o(.text.HAL_IncTick)
    HAL_Init                                 0x08001e29   Thumb Code    54  stm32f4xx_hal.o(.text.HAL_Init)
    HAL_InitTick                             0x08001e61   Thumb Code   240  stm32f4xx_hal_timebase_tim.o(.text.HAL_InitTick)
    HAL_MspInit                              0x08001f51   Thumb Code    88  stm32f4xx_hal_msp.o(.text.HAL_MspInit)
    HAL_NVIC_EnableIRQ                       0x08001fa9   Thumb Code    20  stm32f4xx_hal_cortex.o(.text.HAL_NVIC_EnableIRQ)
    HAL_NVIC_SetPriority                     0x08001fbd   Thumb Code    50  stm32f4xx_hal_cortex.o(.text.HAL_NVIC_SetPriority)
    HAL_NVIC_SetPriorityGrouping             0x08001ff1   Thumb Code    16  stm32f4xx_hal_cortex.o(.text.HAL_NVIC_SetPriorityGrouping)
    HAL_RCC_ClockConfig                      0x08002001   Thumb Code   610  stm32f4xx_hal_rcc.o(.text.HAL_RCC_ClockConfig)
    HAL_RCC_GetClockConfig                   0x08002265   Thumb Code    84  stm32f4xx_hal_rcc.o(.text.HAL_RCC_GetClockConfig)
    HAL_RCC_GetHCLKFreq                      0x080022b9   Thumb Code    12  stm32f4xx_hal_rcc.o(.text.HAL_RCC_GetHCLKFreq)
    HAL_RCC_GetPCLK1Freq                     0x080022c5   Thumb Code    34  stm32f4xx_hal_rcc.o(.text.HAL_RCC_GetPCLK1Freq)
    HAL_RCC_GetPCLK2Freq                     0x080022e9   Thumb Code    34  stm32f4xx_hal_rcc.o(.text.HAL_RCC_GetPCLK2Freq)
    HAL_RCC_GetSysClockFreq                  0x0800230d   Thumb Code   230  stm32f4xx_hal_rcc.o(.text.HAL_RCC_GetSysClockFreq)
    HAL_RCC_OscConfig                        0x080023f5   Thumb Code  1726  stm32f4xx_hal_rcc.o(.text.HAL_RCC_OscConfig)
    HAL_TIMEx_BreakCallback                  0x08002ab5   Thumb Code     8  stm32f4xx_hal_tim_ex.o(.text.HAL_TIMEx_BreakCallback)
    HAL_TIMEx_CommutCallback                 0x08002abd   Thumb Code     8  stm32f4xx_hal_tim_ex.o(.text.HAL_TIMEx_CommutCallback)
    HAL_TIM_Base_Init                        0x08002ac5   Thumb Code   156  stm32f4xx_hal_tim.o(.text.HAL_TIM_Base_Init)
    HAL_TIM_Base_MspInit                     0x08002b61   Thumb Code     8  stm32f4xx_hal_tim.o(.text.HAL_TIM_Base_MspInit)
    HAL_TIM_Base_Start_IT                    0x08002b69   Thumb Code   246  stm32f4xx_hal_tim.o(.text.HAL_TIM_Base_Start_IT)
    HAL_TIM_IC_CaptureCallback               0x08002c61   Thumb Code     8  stm32f4xx_hal_tim.o(.text.HAL_TIM_IC_CaptureCallback)
    HAL_TIM_IRQHandler                       0x08002c69   Thumb Code   538  stm32f4xx_hal_tim.o(.text.HAL_TIM_IRQHandler)
    HAL_TIM_OC_DelayElapsedCallback          0x08002e85   Thumb Code     8  stm32f4xx_hal_tim.o(.text.HAL_TIM_OC_DelayElapsedCallback)
    HAL_TIM_PWM_PulseFinishedCallback        0x08002e8d   Thumb Code     8  stm32f4xx_hal_tim.o(.text.HAL_TIM_PWM_PulseFinishedCallback)
    HAL_TIM_PeriodElapsedCallback            0x08002e95   Thumb Code    34  main.o(.text.HAL_TIM_PeriodElapsedCallback)
    HAL_TIM_TriggerCallback                  0x08002eb9   Thumb Code     8  stm32f4xx_hal_tim.o(.text.HAL_TIM_TriggerCallback)
    HAL_UART_Init                            0x08002ec1   Thumb Code   158  stm32f4xx_hal_uart.o(.text.HAL_UART_Init)
    HAL_UART_MspInit                         0x08002f61   Thumb Code   378  usart.o(.text.HAL_UART_MspInit)
    HardFault_Handler                        0x080030dd   Thumb Code     4  stm32f4xx_it.o(.text.HardFault_Handler)
    M2006_GetBasicData                       0x080030e1   Thumb Code    74  m2006_driver.o(.text.M2006_GetBasicData)
    M2006_Init                               0x0800312d   Thumb Code   360  m2006_driver.o(.text.M2006_Init)
    M2006_SpeedLoopPIDController             0x08003295   Thumb Code   624  m2006_driver.o(.text.M2006_SpeedLoopPIDController)
    M3508_GetBasicData                       0x08003505   Thumb Code    88  m3508_driver.o(.text.M3508_GetBasicData)
    M3508_Init                               0x0800355d   Thumb Code   544  m3508_driver.o(.text.M3508_Init)
    M3508_SpeedLoopPIDController             0x0800377d   Thumb Code   624  m3508_driver.o(.text.M3508_SpeedLoopPIDController)
    MX_CAN1_Init                             0x080039ed   Thumb Code    78  can.o(.text.MX_CAN1_Init)
    MX_CAN2_Init                             0x08003a3d   Thumb Code    78  can.o(.text.MX_CAN2_Init)
    MX_DMA_Init                              0x08003a8d   Thumb Code    60  dma.o(.text.MX_DMA_Init)
    MX_FREERTOS_Init                         0x08003ac9   Thumb Code   186  freertos.o(.text.MX_FREERTOS_Init)
    MX_GPIO_Init                             0x08003b85   Thumb Code   210  gpio.o(.text.MX_GPIO_Init)
    MX_USART3_UART_Init                      0x08003c59   Thumb Code    72  usart.o(.text.MX_USART3_UART_Init)
    MX_USART6_UART_Init                      0x08003ca1   Thumb Code    64  usart.o(.text.MX_USART6_UART_Init)
    MemManage_Handler                        0x08003ce1   Thumb Code     4  stm32f4xx_it.o(.text.MemManage_Handler)
    NMI_Handler                              0x08003ce5   Thumb Code     4  stm32f4xx_it.o(.text.NMI_Handler)
    PID_init                                 0x08003d55   Thumb Code   130  pid.o(.text.PID_init)
    PendSV_Handler                           0x08003de1   Thumb Code   100  port.o(.text.PendSV_Handler)
    RC_init                                  0x08003e45   Thumb Code   160  bsp_rc.o(.text.RC_init)
    SVC_Handler                              0x08003ef1   Thumb Code    36  port.o(.text.SVC_Handler)
    Shoot_FrictionWheelControl               0x08003f25   Thumb Code   240  shoot_control.o(.text.Shoot_FrictionWheelControl)
    Shoot_Init                               0x08004015   Thumb Code   108  shoot_control.o(.text.Shoot_Init)
    Shoot_Task                               0x08004081   Thumb Code   120  all_task.o(.text.Shoot_Task)
    Shoot_TriggerWheelControl                0x080040f9   Thumb Code   124  shoot_control.o(.text.Shoot_TriggerWheelControl)
    StartDefaultTask                         0x08004175   Thumb Code    16  freertos.o(.text.StartDefaultTask)
    SysTick_Handler                          0x08004185   Thumb Code    30  cmsis_os2.o(.text.SysTick_Handler)
    SystemClock_Config                       0x080041a5   Thumb Code   186  main.o(.text.SystemClock_Config)
    SystemInit                               0x08004261   Thumb Code    18  system_stm32f4xx.o(.text.SystemInit)
    TIM5_IRQHandler                          0x08004275   Thumb Code    16  stm32f4xx_it.o(.text.TIM5_IRQHandler)
    TIM_Base_SetConfig                       0x08004285   Thumb Code   420  stm32f4xx_hal_tim.o(.text.TIM_Base_SetConfig)
    Trigger_X_Y_Task                         0x08004429   Thumb Code    68  all_task.o(.text.Trigger_X_Y_Task)
    USART3_IRQHandler                        0x080045a9   Thumb Code   328  remote_control.o(.text.USART3_IRQHandler)
    UsageFault_Handler                       0x080046f1   Thumb Code     4  stm32f4xx_it.o(.text.UsageFault_Handler)
    VOFA_Task                                0x080046f5   Thumb Code    16  all_task.o(.text.VOFA_Task)
    YAW_GimbalControl                        0x08004705   Thumb Code    72  gimbalcontrol.o(.text.YAW_GimbalControl)
    can_filter_init                          0x08004851   Thumb Code   240  bsp_can.o(.text.can_filter_init)
    get_chassis_motor_measure_point          0x08004941   Thumb Code    34  can_receive.o(.text.get_chassis_motor_measure_point)
    get_remote_control_point                 0x08004965   Thumb Code    10  remote_control.o(.text.get_remote_control_point)
    get_trigger_X_motor_measure_point        0x08004971   Thumb Code    12  can_receive.o(.text.get_trigger_X_motor_measure_point)
    get_trigger_Y_motor_measure_point        0x0800497d   Thumb Code    12  can_receive.o(.text.get_trigger_Y_motor_measure_point)
    get_yaw_gimbal_motor_measure_point       0x08004989   Thumb Code    12  can_receive.o(.text.get_yaw_gimbal_motor_measure_point)
    main                                     0x08004995   Thumb Code    56  main.o(.text.main)
    osDelay                                  0x080049cd   Thumb Code    52  cmsis_os2.o(.text.osDelay)
    osKernelInitialize                       0x08004a01   Thumb Code    70  cmsis_os2.o(.text.osKernelInitialize)
    osKernelStart                            0x08004a49   Thumb Code    82  cmsis_os2.o(.text.osKernelStart)
    osThreadNew                              0x08004a9d   Thumb Code   346  cmsis_os2.o(.text.osThreadNew)
    pvPortMalloc                             0x08005a9d   Thumb Code   492  heap_4.o(.text.pvPortMalloc)
    pxPortInitialiseStack                    0x08005c89   Thumb Code    94  port.o(.text.pxPortInitialiseStack)
    remote_control_init                      0x08005ce9   Thumb Code    36  remote_control.o(.text.remote_control_init)
    uxListRemove                             0x08005e2d   Thumb Code    72  list.o(.text.uxListRemove)
    vApplicationGetIdleTaskMemory            0x08005e75   Thumb Code    42  cmsis_os2.o(.text.vApplicationGetIdleTaskMemory)
    vApplicationGetTimerTaskMemory           0x08005ea1   Thumb Code    44  cmsis_os2.o(.text.vApplicationGetTimerTaskMemory)
    vListInitialise                          0x08005ecd   Thumb Code    46  list.o(.text.vListInitialise)
    vListInitialiseItem                      0x08005efd   Thumb Code    14  list.o(.text.vListInitialiseItem)
    vListInsert                              0x08005f0d   Thumb Code   106  list.o(.text.vListInsert)
    vListInsertEnd                           0x08005f79   Thumb Code    58  list.o(.text.vListInsertEnd)
    vPortEnterCritical                       0x08005fc9   Thumb Code    86  port.o(.text.vPortEnterCritical)
    vPortExitCritical                        0x08006021   Thumb Code    74  port.o(.text.vPortExitCritical)
    vPortFree                                0x0800606d   Thumb Code   206  heap_4.o(.text.vPortFree)
    vPortSetupTimerInterrupt                 0x0800613d   Thumb Code    68  port.o(.text.vPortSetupTimerInterrupt)
    vPortValidateInterruptPriority           0x08006181   Thumb Code   132  port.o(.text.vPortValidateInterruptPriority)
    vQueueAddToRegistry                      0x08006205   Thumb Code    82  queue.o(.text.vQueueAddToRegistry)
    vQueueWaitForMessageRestricted           0x08006259   Thumb Code   100  queue.o(.text.vQueueWaitForMessageRestricted)
    vTaskDelay                               0x080062bd   Thumb Code   110  tasks.o(.text.vTaskDelay)
    vTaskInternalSetTimeOutState             0x0800632d   Thumb Code    36  tasks.o(.text.vTaskInternalSetTimeOutState)
    vTaskMissedYield                         0x08006351   Thumb Code    14  tasks.o(.text.vTaskMissedYield)
    vTaskPlaceOnEventList                    0x08006361   Thumb Code    66  tasks.o(.text.vTaskPlaceOnEventList)
    vTaskPlaceOnEventListRestricted          0x080063a5   Thumb Code    82  tasks.o(.text.vTaskPlaceOnEventListRestricted)
    vTaskStartScheduler                      0x080063f9   Thumb Code   224  tasks.o(.text.vTaskStartScheduler)
    vTaskSuspendAll                          0x080064d9   Thumb Code    16  tasks.o(.text.vTaskSuspendAll)
    vTaskSwitchContext                       0x080064e9   Thumb Code   198  tasks.o(.text.vTaskSwitchContext)
    xPortStartScheduler                      0x080065b1   Thumb Code   342  port.o(.text.xPortStartScheduler)
    xPortSysTickHandler                      0x08006709   Thumb Code    60  port.o(.text.xPortSysTickHandler)
    xQueueGenericCreateStatic                0x08006745   Thumb Code   270  queue.o(.text.xQueueGenericCreateStatic)
    xQueueGenericReset                       0x08006855   Thumb Code   186  queue.o(.text.xQueueGenericReset)
    xQueueGenericSend                        0x08006911   Thumb Code   556  queue.o(.text.xQueueGenericSend)
    xQueueGenericSendFromISR                 0x08006b3d   Thumb Code   332  queue.o(.text.xQueueGenericSendFromISR)
    xQueueReceive                            0x08006c89   Thumb Code   476  queue.o(.text.xQueueReceive)
    xTaskCheckForTimeOut                     0x08006e65   Thumb Code   204  tasks.o(.text.xTaskCheckForTimeOut)
    xTaskCreate                              0x08006f31   Thumb Code   158  tasks.o(.text.xTaskCreate)
    xTaskCreateStatic                        0x08006fd1   Thumb Code   206  tasks.o(.text.xTaskCreateStatic)
    xTaskGetSchedulerState                   0x080070a1   Thumb Code    56  tasks.o(.text.xTaskGetSchedulerState)
    xTaskGetTickCount                        0x080070d9   Thumb Code    20  tasks.o(.text.xTaskGetTickCount)
    xTaskIncrementTick                       0x080070ed   Thumb Code   452  tasks.o(.text.xTaskIncrementTick)
    xTaskPriorityDisinherit                  0x080072b1   Thumb Code   236  tasks.o(.text.xTaskPriorityDisinherit)
    xTaskRemoveFromEventList                 0x0800739d   Thumb Code   206  tasks.o(.text.xTaskRemoveFromEventList)
    xTaskResumeAll                           0x0800746d   Thumb Code   390  tasks.o(.text.xTaskResumeAll)
    xTimerCreateTimerTask                    0x080075f5   Thumb Code   148  timers.o(.text.xTimerCreateTimerTask)
    xTimerGenericCommand                     0x08007689   Thumb Code   176  timers.o(.text.xTimerGenericCommand)
    __scatterload_copy                       0x08007739   Thumb Code    14  handlers.o(i.__scatterload_copy)
    __scatterload_null                       0x08007747   Thumb Code     2  handlers.o(i.__scatterload_null)
    __scatterload_zeroinit                   0x08007749   Thumb Code    14  handlers.o(i.__scatterload_zeroinit)
    AHBPrescTable                            0x08007756   Data          16  system_stm32f4xx.o(.rodata.AHBPrescTable)
    APBPrescTable                            0x08007766   Data           8  system_stm32f4xx.o(.rodata.APBPrescTable)
    Gimbal_attributes                        0x08007778   Data          36  freertos.o(.rodata.Gimbal_attributes)
    Shoot_attributes                         0x0800779c   Data          36  freertos.o(.rodata.Shoot_attributes)
    Trigger_X_Y_attributes                   0x080077c0   Data          36  freertos.o(.rodata.Trigger_X_Y_attributes)
    VOFA_attributes                          0x080077e4   Data          36  freertos.o(.rodata.VOFA_attributes)
    defaultTask_attributes                   0x08007808   Data          36  freertos.o(.rodata.defaultTask_attributes)
    Region$$Table$$Base                      0x08007868   Number         0  anon$$obj.o(Region$$Table)
    Region$$Table$$Limit                     0x08007888   Number         0  anon$$obj.o(Region$$Table)
    SystemCoreClock                          0x20000000   Data           4  system_stm32f4xx.o(.data.SystemCoreClock)
    uwTickFreq                               0x20000004   Data           1  stm32f4xx_hal.o(.data.uwTickFreq)
    uwTickPrio                               0x20000008   Data           4  stm32f4xx_hal.o(.data.uwTickPrio)
    FrictionWheel_motorHandle                0x20000010   Data         640  shoot_control.o(.bss.FrictionWheel_motorHandle)
    GimbalHandle                             0x20000290   Data           4  freertos.o(.bss.GimbalHandle)
    RC                                       0x200002a0   Data           4  remote_control.o(.bss.RC)
    Set_Shoot_Speed                          0x200002a4   Data           8  shoot_control.o(.bss.Set_Shoot_Speed)
    Set_Trigger_Speed                        0x200002ac   Data           4  shoot_control.o(.bss.Set_Trigger_Speed)
    ShootHandle                              0x200002b0   Data           4  freertos.o(.bss.ShootHandle)
    Trigger_X_YHandle                        0x200002b4   Data           4  freertos.o(.bss.Trigger_X_YHandle)
    Trigger_motor                            0x200002b8   Data         336  shoot_control.o(.bss.Trigger_motor)
    VOFAHandle                               0x2000040c   Data           4  freertos.o(.bss.VOFAHandle)
    Yaw_Gimbal_motorHandle                   0x20000410   Data         160  gimbalcontrol.o(.bss.Yaw_Gimbal_motorHandle)
    defaultTaskHandle                        0x200004d0   Data           4  freertos.o(.bss.defaultTaskHandle)
    hcan1                                    0x20000514   Data          40  can.o(.bss.hcan1)
    hcan2                                    0x2000053c   Data          40  can.o(.bss.hcan2)
    hdma_usart3_rx                           0x20000564   Data          96  usart.o(.bss.hdma_usart3_rx)
    htim5                                    0x200005c4   Data          72  stm32f4xx_hal_timebase_tim.o(.bss.htim5)
    huart3                                   0x2000060c   Data          72  usart.o(.bss.huart3)
    huart6                                   0x20000654   Data          72  usart.o(.bss.huart6)
    pxCurrentTCB                             0x200007d8   Data           4  tasks.o(.bss.pxCurrentTCB)
    rc_ctrl                                  0x20000c50   Data          22  remote_control.o(.bss.rc_ctrl)
    uwTick                                   0x200048b4   Data           4  stm32f4xx_hal.o(.bss.uwTick)
    xQueueRegistry                           0x2000500c   Data          64  queue.o(.bss.xQueueRegistry)
    __initial_sp                             0x20009090   Data           0  startup_stm32f407xx.o(STACK)



==============================================================================

Memory Map of the image

  Image Entry point : 0x08000189

  Load Region LR_IROM1 (Base: 0x08000000, Size: 0x00007898, Max: 0x00080000, ABSOLUTE)

    Execution Region ER_IROM1 (Exec base: 0x08000000, Load base: 0x08000000, Size: 0x00007888, Max: 0x00080000, ABSOLUTE)

    Exec Addr    Load Addr    Size         Type   Attr      Idx    E Section Name        Object

    0x08000000   0x08000000   0x00000188   Data   RO            3    RESET               startup_stm32f407xx.o
    0x08000188   0x08000188   0x00000000   Code   RO         1988  * .ARM.Collect$$$$00000000  mc_w.l(entry.o)
    0x08000188   0x08000188   0x00000004   Code   RO         1999    .ARM.Collect$$$$00000001  mc_w.l(entry2.o)
    0x0800018c   0x0800018c   0x00000004   Code   RO         2002    .ARM.Collect$$$$00000004  mc_w.l(entry5.o)
    0x08000190   0x08000190   0x00000000   Code   RO         2004    .ARM.Collect$$$$00000008  mc_w.l(entry7b.o)
    0x08000190   0x08000190   0x00000000   Code   RO         2006    .ARM.Collect$$$$0000000A  mc_w.l(entry8b.o)
    0x08000190   0x08000190   0x00000008   Code   RO         2007    .ARM.Collect$$$$0000000B  mc_w.l(entry9a.o)
    0x08000198   0x08000198   0x00000000   Code   RO         2009    .ARM.Collect$$$$0000000D  mc_w.l(entry10a.o)
    0x08000198   0x08000198   0x00000000   Code   RO         2011    .ARM.Collect$$$$0000000F  mc_w.l(entry11a.o)
    0x08000198   0x08000198   0x00000004   Code   RO         2000    .ARM.Collect$$$$00002712  mc_w.l(entry2.o)
    0x0800019c   0x0800019c   0x00000024   Code   RO            4    .text               startup_stm32f407xx.o
    0x080001c0   0x080001c0   0x00000062   Code   RO         1991    .text               mc_w.l(uldiv.o)
    0x08000222   0x08000222   0x00000024   Code   RO         1993    .text               mc_w.l(memcpya.o)
    0x08000246   0x08000246   0x00000024   Code   RO         1995    .text               mc_w.l(memseta.o)
    0x0800026a   0x0800026a   0x0000001e   Code   RO         2013    .text               mc_w.l(llshl.o)
    0x08000288   0x08000288   0x00000020   Code   RO         2015    .text               mc_w.l(llushr.o)
    0x080002a8   0x080002a8   0x00000024   Code   RO         2017    .text               mc_w.l(init.o)
    0x080002cc   0x080002cc   0x00000004   Code   RO          117    .text.BusFault_Handler  stm32f4xx_it.o
    0x080002d0   0x080002d0   0x00000010   Code   RO          125    .text.CAN1_RX0_IRQHandler  stm32f4xx_it.o
    0x080002e0   0x080002e0   0x00000010   Code   RO          129    .text.CAN2_RX1_IRQHandler  stm32f4xx_it.o
    0x080002f0   0x080002f0   0x000000a2   Code   RO         1242    .text.CAN_cmd_Shoot  can_receive.o
    0x08000392   0x08000392   0x00000002   PAD
    0x08000394   0x08000394   0x00000070   Code   RO         1244    .text.CAN_cmd_gimbal  can_receive.o
    0x08000404   0x08000404   0x00000084   Code   RO         1246    .text.CAN_cmd_gimbal_Frie  can_receive.o
    0x08000488   0x08000488   0x00000010   Code   RO          123    .text.DMA1_Stream1_IRQHandler  stm32f4xx_it.o
    0x08000498   0x08000498   0x00000056   Code   RO          753    .text.DMA_CalcBaseAndBitshift  stm32f4xx_hal_dma.o
    0x080004ee   0x080004ee   0x00000002   PAD
    0x080004f0   0x080004f0   0x000000f0   Code   RO          751    .text.DMA_CheckFifoParam  stm32f4xx_hal_dma.o
    0x080005e0   0x080005e0   0x00000002   Code   RO          121    .text.DebugMon_Handler  stm32f4xx_it.o
    0x080005e2   0x080005e2   0x00000002   PAD
    0x080005e4   0x080005e4   0x00000006   Code   RO           15    .text.Error_Handler  main.o
    0x080005ea   0x080005ea   0x00000002   PAD
    0x080005ec   0x080005ec   0x00000016   Code   RO         1193    .text.Gimbal_Init   gimbalcontrol.o
    0x08000602   0x08000602   0x00000002   PAD
    0x08000604   0x08000604   0x00000030   Code   RO         1160    .text.Gimbal_Task   all_task.o
    0x08000634   0x08000634   0x00000052   Code   RO          530    .text.HAL_CAN_ActivateNotification  stm32f4xx_hal_can.o
    0x08000686   0x08000686   0x00000002   PAD
    0x08000688   0x08000688   0x00000156   Code   RO          516    .text.HAL_CAN_AddTxMessage  stm32f4xx_hal_can.o
    0x080007de   0x080007de   0x00000002   PAD
    0x080007e0   0x080007e0   0x0000019e   Code   RO          506    .text.HAL_CAN_ConfigFilter  stm32f4xx_hal_can.o
    0x0800097e   0x0800097e   0x00000002   PAD
    0x08000980   0x08000980   0x00000008   Code   RO          560    .text.HAL_CAN_ErrorCallback  stm32f4xx_hal_can.o
    0x08000988   0x08000988   0x00000212   Code   RO          526    .text.HAL_CAN_GetRxMessage  stm32f4xx_hal_can.o
    0x08000b9a   0x08000b9a   0x00000002   PAD
    0x08000b9c   0x08000b9c   0x000003f2   Code   RO          534    .text.HAL_CAN_IRQHandler  stm32f4xx_hal_can.o
    0x08000f8e   0x08000f8e   0x00000002   PAD
    0x08000f90   0x08000f90   0x000001de   Code   RO          496    .text.HAL_CAN_Init  stm32f4xx_hal_can.o
    0x0800116e   0x0800116e   0x00000002   PAD
    0x08001170   0x08001170   0x00000184   Code   RO           69    .text.HAL_CAN_MspInit  can.o
    0x080012f4   0x080012f4   0x00000008   Code   RO          548    .text.HAL_CAN_RxFifo0FullCallback  stm32f4xx_hal_can.o
    0x080012fc   0x080012fc   0x000000f2   Code   RO         1238    .text.HAL_CAN_RxFifo0MsgPendingCallback  can_receive.o
    0x080013ee   0x080013ee   0x00000002   PAD
    0x080013f0   0x080013f0   0x00000008   Code   RO          552    .text.HAL_CAN_RxFifo1FullCallback  stm32f4xx_hal_can.o
    0x080013f8   0x080013f8   0x000000f2   Code   RO         1240    .text.HAL_CAN_RxFifo1MsgPendingCallback  can_receive.o
    0x080014ea   0x080014ea   0x00000002   PAD
    0x080014ec   0x080014ec   0x00000008   Code   RO          556    .text.HAL_CAN_SleepCallback  stm32f4xx_hal_can.o
    0x080014f4   0x080014f4   0x0000008a   Code   RO          508    .text.HAL_CAN_Start  stm32f4xx_hal_can.o
    0x0800157e   0x0800157e   0x00000002   PAD
    0x08001580   0x08001580   0x00000008   Code   RO          538    .text.HAL_CAN_TxMailbox0AbortCallback  stm32f4xx_hal_can.o
    0x08001588   0x08001588   0x00000008   Code   RO          536    .text.HAL_CAN_TxMailbox0CompleteCallback  stm32f4xx_hal_can.o
    0x08001590   0x08001590   0x00000008   Code   RO          542    .text.HAL_CAN_TxMailbox1AbortCallback  stm32f4xx_hal_can.o
    0x08001598   0x08001598   0x00000008   Code   RO          540    .text.HAL_CAN_TxMailbox1CompleteCallback  stm32f4xx_hal_can.o
    0x080015a0   0x080015a0   0x00000008   Code   RO          546    .text.HAL_CAN_TxMailbox2AbortCallback  stm32f4xx_hal_can.o
    0x080015a8   0x080015a8   0x00000008   Code   RO          544    .text.HAL_CAN_TxMailbox2CompleteCallback  stm32f4xx_hal_can.o
    0x080015b0   0x080015b0   0x00000008   Code   RO          558    .text.HAL_CAN_WakeUpFromRxMsgCallback  stm32f4xx_hal_can.o
    0x080015b8   0x080015b8   0x0000031e   Code   RO          769    .text.HAL_DMA_IRQHandler  stm32f4xx_hal_dma.o
    0x080018d6   0x080018d6   0x00000002   PAD
    0x080018d8   0x080018d8   0x0000016e   Code   RO          749    .text.HAL_DMA_Init  stm32f4xx_hal_dma.o
    0x08001a46   0x08001a46   0x00000002   PAD
    0x08001a48   0x08001a48   0x000003b6   Code   RO          711    .text.HAL_GPIO_Init  stm32f4xx_hal_gpio.o
    0x08001dfe   0x08001dfe   0x00000002   PAD
    0x08001e00   0x08001e00   0x0000000c   Code   RO          936    .text.HAL_GetTick   stm32f4xx_hal.o
    0x08001e0c   0x08001e0c   0x0000001a   Code   RO          934    .text.HAL_IncTick   stm32f4xx_hal.o
    0x08001e26   0x08001e26   0x00000002   PAD
    0x08001e28   0x08001e28   0x00000036   Code   RO          924    .text.HAL_Init      stm32f4xx_hal.o
    0x08001e5e   0x08001e5e   0x00000002   PAD
    0x08001e60   0x08001e60   0x000000f0   Code   RO          146    .text.HAL_InitTick  stm32f4xx_hal_timebase_tim.o
    0x08001f50   0x08001f50   0x00000058   Code   RO          138    .text.HAL_MspInit   stm32f4xx_hal_msp.o
    0x08001fa8   0x08001fa8   0x00000014   Code   RO          859    .text.HAL_NVIC_EnableIRQ  stm32f4xx_hal_cortex.o
    0x08001fbc   0x08001fbc   0x00000032   Code   RO          851    .text.HAL_NVIC_SetPriority  stm32f4xx_hal_cortex.o
    0x08001fee   0x08001fee   0x00000002   PAD
    0x08001ff0   0x08001ff0   0x00000010   Code   RO          847    .text.HAL_NVIC_SetPriorityGrouping  stm32f4xx_hal_cortex.o
    0x08002000   0x08002000   0x00000262   Code   RO          579    .text.HAL_RCC_ClockConfig  stm32f4xx_hal_rcc.o
    0x08002262   0x08002262   0x00000002   PAD
    0x08002264   0x08002264   0x00000054   Code   RO          597    .text.HAL_RCC_GetClockConfig  stm32f4xx_hal_rcc.o
    0x080022b8   0x080022b8   0x0000000c   Code   RO          589    .text.HAL_RCC_GetHCLKFreq  stm32f4xx_hal_rcc.o
    0x080022c4   0x080022c4   0x00000022   Code   RO          591    .text.HAL_RCC_GetPCLK1Freq  stm32f4xx_hal_rcc.o
    0x080022e6   0x080022e6   0x00000002   PAD
    0x080022e8   0x080022e8   0x00000022   Code   RO          593    .text.HAL_RCC_GetPCLK2Freq  stm32f4xx_hal_rcc.o
    0x0800230a   0x0800230a   0x00000002   PAD
    0x0800230c   0x0800230c   0x000000e6   Code   RO          581    .text.HAL_RCC_GetSysClockFreq  stm32f4xx_hal_rcc.o
    0x080023f2   0x080023f2   0x00000002   PAD
    0x080023f4   0x080023f4   0x000006be   Code   RO          577    .text.HAL_RCC_OscConfig  stm32f4xx_hal_rcc.o
    0x08002ab2   0x08002ab2   0x00000002   PAD
    0x08002ab4   0x08002ab4   0x00000008   Code   RO          483    .text.HAL_TIMEx_BreakCallback  stm32f4xx_hal_tim_ex.o
    0x08002abc   0x08002abc   0x00000008   Code   RO          479    .text.HAL_TIMEx_CommutCallback  stm32f4xx_hal_tim_ex.o
    0x08002ac4   0x08002ac4   0x0000009c   Code   RO          160    .text.HAL_TIM_Base_Init  stm32f4xx_hal_tim.o
    0x08002b60   0x08002b60   0x00000008   Code   RO          162    .text.HAL_TIM_Base_MspInit  stm32f4xx_hal_tim.o
    0x08002b68   0x08002b68   0x000000f6   Code   RO          174    .text.HAL_TIM_Base_Start_IT  stm32f4xx_hal_tim.o
    0x08002c5e   0x08002c5e   0x00000002   PAD
    0x08002c60   0x08002c60   0x00000008   Code   RO          296    .text.HAL_TIM_IC_CaptureCallback  stm32f4xx_hal_tim.o
    0x08002c68   0x08002c68   0x0000021a   Code   RO          294    .text.HAL_TIM_IRQHandler  stm32f4xx_hal_tim.o
    0x08002e82   0x08002e82   0x00000002   PAD
    0x08002e84   0x08002e84   0x00000008   Code   RO          298    .text.HAL_TIM_OC_DelayElapsedCallback  stm32f4xx_hal_tim.o
    0x08002e8c   0x08002e8c   0x00000008   Code   RO          300    .text.HAL_TIM_PWM_PulseFinishedCallback  stm32f4xx_hal_tim.o
    0x08002e94   0x08002e94   0x00000022   Code   RO           17    .text.HAL_TIM_PeriodElapsedCallback  main.o
    0x08002eb6   0x08002eb6   0x00000002   PAD
    0x08002eb8   0x08002eb8   0x00000008   Code   RO          304    .text.HAL_TIM_TriggerCallback  stm32f4xx_hal_tim.o
    0x08002ec0   0x08002ec0   0x0000009e   Code   RO         1013    .text.HAL_UART_Init  stm32f4xx_hal_uart.o
    0x08002f5e   0x08002f5e   0x00000002   PAD
    0x08002f60   0x08002f60   0x0000017a   Code   RO           95    .text.HAL_UART_MspInit  usart.o
    0x080030da   0x080030da   0x00000002   PAD
    0x080030dc   0x080030dc   0x00000004   Code   RO          113    .text.HardFault_Handler  stm32f4xx_it.o
    0x080030e0   0x080030e0   0x0000004a   Code   RO         1276    .text.M2006_GetBasicData  m2006_driver.o
    0x0800312a   0x0800312a   0x00000002   PAD
    0x0800312c   0x0800312c   0x00000168   Code   RO         1274    .text.M2006_Init    m2006_driver.o
    0x08003294   0x08003294   0x00000270   Code   RO         1280    .text.M2006_SpeedLoopPIDController  m2006_driver.o
    0x08003504   0x08003504   0x00000058   Code   RO         1291    .text.M3508_GetBasicData  m3508_driver.o
    0x0800355c   0x0800355c   0x00000220   Code   RO         1289    .text.M3508_Init    m3508_driver.o
    0x0800377c   0x0800377c   0x00000270   Code   RO         1293    .text.M3508_SpeedLoopPIDController  m3508_driver.o
    0x080039ec   0x080039ec   0x0000004e   Code   RO           65    .text.MX_CAN1_Init  can.o
    0x08003a3a   0x08003a3a   0x00000002   PAD
    0x08003a3c   0x08003a3c   0x0000004e   Code   RO           67    .text.MX_CAN2_Init  can.o
    0x08003a8a   0x08003a8a   0x00000002   PAD
    0x08003a8c   0x08003a8c   0x0000003c   Code   RO           83    .text.MX_DMA_Init   dma.o
    0x08003ac8   0x08003ac8   0x000000ba   Code   RO           35    .text.MX_FREERTOS_Init  freertos.o
    0x08003b82   0x08003b82   0x00000002   PAD
    0x08003b84   0x08003b84   0x000000d2   Code   RO           27    .text.MX_GPIO_Init  gpio.o
    0x08003c56   0x08003c56   0x00000002   PAD
    0x08003c58   0x08003c58   0x00000048   Code   RO           91    .text.MX_USART3_UART_Init  usart.o
    0x08003ca0   0x08003ca0   0x00000040   Code   RO           93    .text.MX_USART6_UART_Init  usart.o
    0x08003ce0   0x08003ce0   0x00000004   Code   RO          115    .text.MemManage_Handler  stm32f4xx_it.o
    0x08003ce4   0x08003ce4   0x00000004   Code   RO          111    .text.NMI_Handler   stm32f4xx_it.o
    0x08003ce8   0x08003ce8   0x0000006c   Code   RO          857    .text.NVIC_EncodePriority  stm32f4xx_hal_cortex.o
    0x08003d54   0x08003d54   0x00000082   Code   RO         1304    .text.PID_init      pid.o
    0x08003dd6   0x08003dd6   0x0000000a   PAD
    0x08003de0   0x08003de0   0x00000064   Code   RO         1973    .text.PendSV_Handler  port.o
    0x08003e44   0x08003e44   0x000000a0   Code   RO         1230    .text.RC_init       bsp_rc.o
    0x08003ee4   0x08003ee4   0x0000000c   PAD
    0x08003ef0   0x08003ef0   0x00000024   Code   RO         1957    .text.SVC_Handler   port.o
    0x08003f14   0x08003f14   0x0000000e   Code   RO         1753    .text.SVC_Setup     cmsis_os2.o
    0x08003f22   0x08003f22   0x00000002   PAD
    0x08003f24   0x08003f24   0x000000f0   Code   RO         1207    .text.Shoot_FrictionWheelControl  shoot_control.o
    0x08004014   0x08004014   0x0000006c   Code   RO         1205    .text.Shoot_Init    shoot_control.o
    0x08004080   0x08004080   0x00000078   Code   RO         1158    .text.Shoot_Task    all_task.o
    0x080040f8   0x080040f8   0x0000007c   Code   RO         1209    .text.Shoot_TriggerWheelControl  shoot_control.o
    0x08004174   0x08004174   0x00000010   Code   RO           37    .text.StartDefaultTask  freertos.o
    0x08004184   0x08004184   0x0000001e   Code   RO         1743    .text.SysTick_Handler  cmsis_os2.o
    0x080041a2   0x080041a2   0x00000002   PAD
    0x080041a4   0x080041a4   0x000000ba   Code   RO           13    .text.SystemClock_Config  main.o
    0x0800425e   0x0800425e   0x00000002   PAD
    0x08004260   0x08004260   0x00000012   Code   RO         1144    .text.SystemInit    system_stm32f4xx.o
    0x08004272   0x08004272   0x00000002   PAD
    0x08004274   0x08004274   0x00000010   Code   RO          127    .text.TIM5_IRQHandler  stm32f4xx_it.o
    0x08004284   0x08004284   0x000001a4   Code   RO          164    .text.TIM_Base_SetConfig  stm32f4xx_hal_tim.o
    0x08004428   0x08004428   0x00000044   Code   RO         1162    .text.Trigger_X_Y_Task  all_task.o
    0x0800446c   0x0800446c   0x0000013a   Code   RO         1017    .text.UART_SetConfig  stm32f4xx_hal_uart.o
    0x080045a6   0x080045a6   0x00000002   PAD
    0x080045a8   0x080045a8   0x00000148   Code   RO         1178    .text.USART3_IRQHandler  remote_control.o
    0x080046f0   0x080046f0   0x00000004   Code   RO          119    .text.UsageFault_Handler  stm32f4xx_it.o
    0x080046f4   0x080046f4   0x00000010   Code   RO         1164    .text.VOFA_Task     all_task.o
    0x08004704   0x08004704   0x00000048   Code   RO         1195    .text.YAW_GimbalControl  gimbalcontrol.o
    0x0800474c   0x0800474c   0x00000030   Code   RO          861    .text.__NVIC_EnableIRQ  stm32f4xx_hal_cortex.o
    0x0800477c   0x0800477c   0x00000010   Code   RO          853    .text.__NVIC_GetPriorityGrouping  stm32f4xx_hal_cortex.o
    0x0800478c   0x0800478c   0x00000042   Code   RO          855    .text.__NVIC_SetPriority  stm32f4xx_hal_cortex.o
    0x080047ce   0x080047ce   0x00000002   PAD
    0x080047d0   0x080047d0   0x00000042   Code   RO         1907    .text.__NVIC_SetPriority  cmsis_os2.o
    0x08004812   0x08004812   0x00000002   PAD
    0x08004814   0x08004814   0x0000003c   Code   RO          849    .text.__NVIC_SetPriorityGrouping  stm32f4xx_hal_cortex.o
    0x08004850   0x08004850   0x000000f0   Code   RO         1222    .text.can_filter_init  bsp_can.o
    0x08004940   0x08004940   0x00000022   Code   RO         1250    .text.get_chassis_motor_measure_point  can_receive.o
    0x08004962   0x08004962   0x00000002   PAD
    0x08004964   0x08004964   0x0000000a   Code   RO         1176    .text.get_remote_control_point  remote_control.o
    0x0800496e   0x0800496e   0x00000002   PAD
    0x08004970   0x08004970   0x0000000c   Code   RO         1254    .text.get_trigger_X_motor_measure_point  can_receive.o
    0x0800497c   0x0800497c   0x0000000c   Code   RO         1256    .text.get_trigger_Y_motor_measure_point  can_receive.o
    0x08004988   0x08004988   0x0000000c   Code   RO         1252    .text.get_yaw_gimbal_motor_measure_point  can_receive.o
    0x08004994   0x08004994   0x00000038   Code   RO           11    .text.main          main.o
    0x080049cc   0x080049cc   0x00000034   Code   RO         1811    .text.osDelay       cmsis_os2.o
    0x08004a00   0x08004a00   0x00000046   Code   RO         1745    .text.osKernelInitialize  cmsis_os2.o
    0x08004a46   0x08004a46   0x00000002   PAD
    0x08004a48   0x08004a48   0x00000052   Code   RO         1751    .text.osKernelStart  cmsis_os2.o
    0x08004a9a   0x08004a9a   0x00000002   PAD
    0x08004a9c   0x08004a9c   0x0000015a   Code   RO         1775    .text.osThreadNew   cmsis_os2.o
    0x08004bf6   0x08004bf6   0x00000002   PAD
    0x08004bf8   0x08004bf8   0x000000d4   Code   RO         1537    .text.prvAddCurrentTaskToDelayedList  tasks.o
    0x08004ccc   0x08004ccc   0x00000122   Code   RO         1523    .text.prvAddNewTaskToReadyList  tasks.o
    0x08004dee   0x08004dee   0x00000002   PAD
    0x08004df0   0x08004df0   0x000000a2   Code   RO         1674    .text.prvCheckForValidListAndQueue  timers.o
    0x08004e92   0x08004e92   0x00000002   PAD
    0x08004e94   0x08004e94   0x0000005a   Code   RO         1641    .text.prvCheckTasksWaitingTermination  tasks.o
    0x08004eee   0x08004eee   0x00000002   PAD
    0x08004ef0   0x08004ef0   0x00000042   Code   RO         1416    .text.prvCopyDataFromQueue  queue.o
    0x08004f32   0x08004f32   0x00000002   PAD
    0x08004f34   0x08004f34   0x000000cc   Code   RO         1404    .text.prvCopyDataToQueue  queue.o
    0x08005000   0x08005000   0x0000005e   Code   RO         1529    .text.prvDeleteTCB  tasks.o
    0x0800505e   0x0800505e   0x00000002   PAD
    0x08005060   0x08005060   0x00000040   Code   RO         1712    .text.prvGetNextExpireTime  timers.o
    0x080050a0   0x080050a0   0x000000bc   Code   RO         1924    .text.prvHeapInit   heap_4.o
    0x0800515c   0x0800515c   0x00000038   Code   RO         1563    .text.prvIdleTask   tasks.o
    0x08005194   0x08005194   0x00000048   Code   RO         1378    .text.prvInitialiseNewQueue  queue.o
    0x080051dc   0x080051dc   0x00000122   Code   RO         1521    .text.prvInitialiseNewTask  tasks.o
    0x080052fe   0x080052fe   0x00000002   PAD
    0x08005300   0x08005300   0x0000008e   Code   RO         1639    .text.prvInitialiseTaskLists  tasks.o
    0x0800538e   0x0800538e   0x00000002   PAD
    0x08005390   0x08005390   0x000000c6   Code   RO         1926    .text.prvInsertBlockIntoFreeList  heap_4.o
    0x08005456   0x08005456   0x00000002   PAD
    0x08005458   0x08005458   0x00000086   Code   RO         1724    .text.prvInsertTimerInActiveList  timers.o
    0x080054de   0x080054de   0x00000002   PAD
    0x080054e0   0x080054e0   0x00000028   Code   RO         1418    .text.prvIsQueueEmpty  queue.o
    0x08005508   0x08005508   0x0000002e   Code   RO         1406    .text.prvIsQueueFull  queue.o
    0x08005536   0x08005536   0x00000002   PAD
    0x08005538   0x08005538   0x00000028   Code   RO         1965    .text.prvPortStartFirstTask  port.o
    0x08005560   0x08005560   0x0000008e   Code   RO         1720    .text.prvProcessExpiredTimer  timers.o
    0x080055ee   0x080055ee   0x00000002   PAD
    0x080055f0   0x080055f0   0x00000192   Code   RO         1716    .text.prvProcessReceivedCommands  timers.o
    0x08005782   0x08005782   0x00000002   PAD
    0x08005784   0x08005784   0x0000009a   Code   RO         1714    .text.prvProcessTimerOrBlockTask  timers.o
    0x0800581e   0x0800581e   0x00000002   PAD
    0x08005820   0x08005820   0x00000046   Code   RO         1531    .text.prvResetNextTaskUnblockTime  tasks.o
    0x08005866   0x08005866   0x00000002   PAD
    0x08005868   0x08005868   0x00000044   Code   RO         1718    .text.prvSampleTimeNow  timers.o
    0x080058ac   0x080058ac   0x000000d4   Code   RO         1722    .text.prvSwitchTimerLists  timers.o
    0x08005980   0x08005980   0x0000004c   Code   RO         1955    .text.prvTaskExitError  port.o
    0x080059cc   0x080059cc   0x0000001e   Code   RO         1676    .text.prvTimerTask  timers.o
    0x080059ea   0x080059ea   0x00000002   PAD
    0x080059ec   0x080059ec   0x000000ae   Code   RO         1408    .text.prvUnlockQueue  queue.o
    0x08005a9a   0x08005a9a   0x00000002   PAD
    0x08005a9c   0x08005a9c   0x000001ec   Code   RO         1922    .text.pvPortMalloc  heap_4.o
    0x08005c88   0x08005c88   0x0000005e   Code   RO         1953    .text.pxPortInitialiseStack  port.o
    0x08005ce6   0x08005ce6   0x00000002   PAD
    0x08005ce8   0x08005ce8   0x00000024   Code   RO         1174    .text.remote_control_init  remote_control.o
    0x08005d0c   0x08005d0c   0x00000120   Code   RO         1180    .text.sbus_to_rc    remote_control.o
    0x08005e2c   0x08005e2c   0x00000048   Code   RO         1365    .text.uxListRemove  list.o
    0x08005e74   0x08005e74   0x0000002a   Code   RO         1903    .text.vApplicationGetIdleTaskMemory  cmsis_os2.o
    0x08005e9e   0x08005e9e   0x00000002   PAD
    0x08005ea0   0x08005ea0   0x0000002c   Code   RO         1905    .text.vApplicationGetTimerTaskMemory  cmsis_os2.o
    0x08005ecc   0x08005ecc   0x0000002e   Code   RO         1357    .text.vListInitialise  list.o
    0x08005efa   0x08005efa   0x00000002   PAD
    0x08005efc   0x08005efc   0x0000000e   Code   RO         1359    .text.vListInitialiseItem  list.o
    0x08005f0a   0x08005f0a   0x00000002   PAD
    0x08005f0c   0x08005f0c   0x0000006a   Code   RO         1363    .text.vListInsert   list.o
    0x08005f76   0x08005f76   0x00000002   PAD
    0x08005f78   0x08005f78   0x0000003a   Code   RO         1361    .text.vListInsertEnd  list.o
    0x08005fb2   0x08005fb2   0x00000002   PAD
    0x08005fb4   0x08005fb4   0x00000014   Code   RO         1963    .text.vPortEnableVFP  port.o
    0x08005fc8   0x08005fc8   0x00000056   Code   RO         1969    .text.vPortEnterCritical  port.o
    0x0800601e   0x0800601e   0x00000002   PAD
    0x08006020   0x08006020   0x0000004a   Code   RO         1971    .text.vPortExitCritical  port.o
    0x0800606a   0x0800606a   0x00000002   PAD
    0x0800606c   0x0800606c   0x000000ce   Code   RO         1928    .text.vPortFree     heap_4.o
    0x0800613a   0x0800613a   0x00000002   PAD
    0x0800613c   0x0800613c   0x00000044   Code   RO         1961    .text.vPortSetupTimerInterrupt  port.o
    0x08006180   0x08006180   0x00000084   Code   RO         1977    .text.vPortValidateInterruptPriority  port.o
    0x08006204   0x08006204   0x00000052   Code   RO         1448    .text.vQueueAddToRegistry  queue.o
    0x08006256   0x08006256   0x00000002   PAD
    0x08006258   0x08006258   0x00000064   Code   RO         1452    .text.vQueueWaitForMessageRestricted  queue.o
    0x080062bc   0x080062bc   0x0000006e   Code   RO         1541    .text.vTaskDelay    tasks.o
    0x0800632a   0x0800632a   0x00000002   PAD
    0x0800632c   0x0800632c   0x00000024   Code   RO         1595    .text.vTaskInternalSetTimeOutState  tasks.o
    0x08006350   0x08006350   0x0000000e   Code   RO         1599    .text.vTaskMissedYield  tasks.o
    0x0800635e   0x0800635e   0x00000002   PAD
    0x08006360   0x08006360   0x00000042   Code   RO         1583    .text.vTaskPlaceOnEventList  tasks.o
    0x080063a2   0x080063a2   0x00000002   PAD
    0x080063a4   0x080063a4   0x00000052   Code   RO         1587    .text.vTaskPlaceOnEventListRestricted  tasks.o
    0x080063f6   0x080063f6   0x00000002   PAD
    0x080063f8   0x080063f8   0x000000e0   Code   RO         1561    .text.vTaskStartScheduler  tasks.o
    0x080064d8   0x080064d8   0x00000010   Code   RO         1535    .text.vTaskSuspendAll  tasks.o
    0x080064e8   0x080064e8   0x000000c6   Code   RO         1553    .text.vTaskSwitchContext  tasks.o
    0x080065ae   0x080065ae   0x00000002   PAD
    0x080065b0   0x080065b0   0x00000156   Code   RO         1959    .text.xPortStartScheduler  port.o
    0x08006706   0x08006706   0x00000002   PAD
    0x08006708   0x08006708   0x0000003c   Code   RO         1975    .text.xPortSysTickHandler  port.o
    0x08006744   0x08006744   0x0000010e   Code   RO         1376    .text.xQueueGenericCreateStatic  queue.o
    0x08006852   0x08006852   0x00000002   PAD
    0x08006854   0x08006854   0x000000ba   Code   RO         1374    .text.xQueueGenericReset  queue.o
    0x0800690e   0x0800690e   0x00000002   PAD
    0x08006910   0x08006910   0x0000022c   Code   RO         1394    .text.xQueueGenericSend  queue.o
    0x08006b3c   0x08006b3c   0x0000014c   Code   RO         1410    .text.xQueueGenericSendFromISR  queue.o
    0x08006c88   0x08006c88   0x000001dc   Code   RO         1414    .text.xQueueReceive  queue.o
    0x08006e64   0x08006e64   0x000000cc   Code   RO         1597    .text.xTaskCheckForTimeOut  tasks.o
    0x08006f30   0x08006f30   0x0000009e   Code   RO         1525    .text.xTaskCreate   tasks.o
    0x08006fce   0x08006fce   0x00000002   PAD
    0x08006fd0   0x08006fd0   0x000000ce   Code   RO         1519    .text.xTaskCreateStatic  tasks.o
    0x0800709e   0x0800709e   0x00000002   PAD
    0x080070a0   0x080070a0   0x00000038   Code   RO         1613    .text.xTaskGetSchedulerState  tasks.o
    0x080070d8   0x080070d8   0x00000014   Code   RO         1569    .text.xTaskGetTickCount  tasks.o
    0x080070ec   0x080070ec   0x000001c4   Code   RO         1567    .text.xTaskIncrementTick  tasks.o
    0x080072b0   0x080072b0   0x000000ec   Code   RO         1617    .text.xTaskPriorityDisinherit  tasks.o
    0x0800739c   0x0800739c   0x000000ce   Code   RO         1589    .text.xTaskRemoveFromEventList  tasks.o
    0x0800746a   0x0800746a   0x00000002   PAD
    0x0800746c   0x0800746c   0x00000186   Code   RO         1539    .text.xTaskResumeAll  tasks.o
    0x080075f2   0x080075f2   0x00000002   PAD
    0x080075f4   0x080075f4   0x00000094   Code   RO         1672    .text.xTimerCreateTimerTask  timers.o
    0x08007688   0x08007688   0x000000b0   Code   RO         1684    .text.xTimerGenericCommand  timers.o
    0x08007738   0x08007738   0x0000000e   Code   RO         2021    i.__scatterload_copy  mc_w.l(handlers.o)
    0x08007746   0x08007746   0x00000002   Code   RO         2022    i.__scatterload_null  mc_w.l(handlers.o)
    0x08007748   0x08007748   0x0000000e   Code   RO         2023    i.__scatterload_zeroinit  mc_w.l(handlers.o)
    0x08007756   0x08007756   0x00000010   Data   RO         1149    .rodata.AHBPrescTable  system_stm32f4xx.o
    0x08007766   0x08007766   0x00000008   Data   RO         1150    .rodata.APBPrescTable  system_stm32f4xx.o
    0x0800776e   0x0800776e   0x00000008   Data   RO          779    .rodata.DMA_CalcBaseAndBitshift.flagBitshiftOffset  stm32f4xx_hal_dma.o
    0x08007776   0x08007776   0x00000002   PAD
    0x08007778   0x08007778   0x00000024   Data   RO           50    .rodata.Gimbal_attributes  freertos.o
    0x0800779c   0x0800779c   0x00000024   Data   RO           49    .rodata.Shoot_attributes  freertos.o
    0x080077c0   0x080077c0   0x00000024   Data   RO           51    .rodata.Trigger_X_Y_attributes  freertos.o
    0x080077e4   0x080077e4   0x00000024   Data   RO           52    .rodata.VOFA_attributes  freertos.o
    0x08007808   0x08007808   0x00000024   Data   RO           48    .rodata.defaultTask_attributes  freertos.o
    0x0800782c   0x0800782c   0x0000002a   Data   RO           47    .rodata.str1.1      freertos.o
    0x08007856   0x08007856   0x00000005   Data   RO         1657    .rodata.str1.1      tasks.o
    0x0800785b   0x0800785b   0x0000000d   Data   RO         1727    .rodata.str1.1      timers.o
    0x08007868   0x08007868   0x00000020   Data   RO         2020    Region$$Table       anon$$obj.o


    Execution Region RW_IRAM1 (Exec base: 0x20000000, Load base: 0x08007888, Size: 0x00009090, Max: 0x0001c000, ABSOLUTE)

    Exec Addr    Load Addr    Size         Type   Attr      Idx    E Section Name        Object

    0x20000000   0x08007888   0x00000004   Data   RW         1148    .data.SystemCoreClock  system_stm32f4xx.o
    0x20000004   0x0800788c   0x00000001   Data   RW          979    .data.uwTickFreq    stm32f4xx_hal.o
    0x20000005   0x0800788d   0x00000003   PAD
    0x20000008   0x08007890   0x00000004   Data   RW          978    .data.uwTickPrio    stm32f4xx_hal.o
    0x2000000c   0x08007894   0x00000004   Data   RW         1981    .data.uxCriticalNesting  port.o
    0x20000010        -       0x00000280   Zero   RW         1211    .bss.FrictionWheel_motorHandle  shoot_control.o
    0x20000290        -       0x00000004   Zero   RW           55    .bss.GimbalHandle   freertos.o
    0x20000294        -       0x00000001   Zero   RW         1258    .bss.HAL_CAN_RxFifo0MsgPendingCallback.can_1_motor_idx  can_receive.o
    0x20000295        -       0x00000001   Zero   RW         1260    .bss.HAL_CAN_RxFifo1MsgPendingCallback.can_2_motor_idx  can_receive.o
    0x20000296   0x08007898   0x00000002   PAD
    0x20000298        -       0x00000004   Zero   RW           75    .bss.HAL_RCC_CAN1_CLK_ENABLED  can.o
    0x2000029c        -       0x00000004   Zero   RW         1909    .bss.KernelState    cmsis_os2.o
    0x200002a0        -       0x00000004   Zero   RW         1183    .bss.RC             remote_control.o
    0x200002a4        -       0x00000008   Zero   RW         1213    .bss.Set_Shoot_Speed  shoot_control.o
    0x200002ac        -       0x00000004   Zero   RW         1214    .bss.Set_Trigger_Speed  shoot_control.o
    0x200002b0        -       0x00000004   Zero   RW           54    .bss.ShootHandle    freertos.o
    0x200002b4        -       0x00000004   Zero   RW           56    .bss.Trigger_X_YHandle  freertos.o
    0x200002b8        -       0x00000150   Zero   RW         1212    .bss.Trigger_motor  shoot_control.o
    0x20000408        -       0x00000002   Zero   RW         1185    .bss.USART3_IRQHandler.this_time_rx_len  remote_control.o
    0x2000040a   0x08007898   0x00000002   PAD
    0x2000040c        -       0x00000004   Zero   RW           57    .bss.VOFAHandle     freertos.o
    0x20000410        -       0x000000a0   Zero   RW         1197    .bss.Yaw_Gimbal_motorHandle  gimbalcontrol.o
    0x200004b0        -       0x00000008   Zero   RW         1262    .bss.chassis_can_send_data  can_receive.o
    0x200004b8        -       0x00000018   Zero   RW         1261    .bss.chassis_tx_message  can_receive.o
    0x200004d0        -       0x00000004   Zero   RW           53    .bss.defaultTaskHandle  freertos.o
    0x200004d4        -       0x00000008   Zero   RW         1264    .bss.gimbal_can_send_data  can_receive.o
    0x200004dc        -       0x00000008   Zero   RW         1266    .bss.gimbal_can_send_data_Fire  can_receive.o
    0x200004e4        -       0x00000018   Zero   RW         1263    .bss.gimbal_tx_message  can_receive.o
    0x200004fc        -       0x00000018   Zero   RW         1265    .bss.gimbal_tx_message_Fire  can_receive.o
    0x20000514        -       0x00000028   Zero   RW           73    .bss.hcan1          can.o
    0x2000053c        -       0x00000028   Zero   RW           74    .bss.hcan2          can.o
    0x20000564        -       0x00000060   Zero   RW          103    .bss.hdma_usart3_rx  usart.o
    0x200005c4        -       0x00000048   Zero   RW          152    .bss.htim5          stm32f4xx_hal_timebase_tim.o
    0x2000060c        -       0x00000048   Zero   RW          101    .bss.huart3         usart.o
    0x20000654        -       0x00000048   Zero   RW          102    .bss.huart6         usart.o
    0x2000069c        -       0x00000046   Zero   RW         1259    .bss.motor_chassis  can_receive.o
    0x200006e2        -       0x000000a0   Zero   RW         1735    .bss.prvCheckForValidListAndQueue.ucStaticTimerQueueStorage  timers.o
    0x20000782   0x08007898   0x00000002   PAD
    0x20000784        -       0x00000050   Zero   RW         1734    .bss.prvCheckForValidListAndQueue.xStaticTimerQueue  timers.o
    0x200007d4        -       0x00000004   Zero   RW         1731    .bss.prvSampleTimeNow.xLastTime  timers.o
    0x200007d8        -       0x00000004   Zero   RW         1643    .bss.pxCurrentTCB   tasks.o
    0x200007dc        -       0x00000004   Zero   RW         1729    .bss.pxCurrentTimerList  timers.o
    0x200007e0        -       0x00000004   Zero   RW         1651    .bss.pxDelayedTaskList  tasks.o
    0x200007e4        -       0x00000004   Zero   RW         1938    .bss.pxEnd          heap_4.o
    0x200007e8        -       0x00000004   Zero   RW         1652    .bss.pxOverflowDelayedTaskList  tasks.o
    0x200007ec        -       0x00000004   Zero   RW         1730    .bss.pxOverflowTimerList  timers.o
    0x200007f0        -       0x00000460   Zero   RW         1654    .bss.pxReadyTasksLists  tasks.o
    0x20000c50        -       0x00000016   Zero   RW         1184    .bss.rc_ctrl        remote_control.o
    0x20000c66        -       0x00000048   Zero   RW         1182    .bss.sbus_rx_buf    remote_control.o
    0x20000cae        -       0x00003c00   Zero   RW         1945    .bss.ucHeap         heap_4.o
    0x200048ae        -       0x00000001   Zero   RW         1979    .bss.ucMaxSysCallPriority  port.o
    0x200048af   0x08007898   0x00000001   PAD
    0x200048b0        -       0x00000004   Zero   RW         1980    .bss.ulMaxPRIGROUPValue  port.o
    0x200048b4        -       0x00000004   Zero   RW          980    .bss.uwTick         stm32f4xx_hal.o
    0x200048b8        -       0x00000004   Zero   RW         1647    .bss.uxCurrentNumberOfTasks  tasks.o
    0x200048bc        -       0x00000004   Zero   RW         1646    .bss.uxDeletedTasksWaitingCleanUp  tasks.o
    0x200048c0        -       0x00000004   Zero   RW         1649    .bss.uxSchedulerSuspended  tasks.o
    0x200048c4        -       0x00000004   Zero   RW         1644    .bss.uxTaskNumber   tasks.o
    0x200048c8        -       0x00000004   Zero   RW         1655    .bss.uxTopReadyPriority  tasks.o
    0x200048cc        -       0x00000200   Zero   RW         1912    .bss.vApplicationGetIdleTaskMemory.Idle_Stack  cmsis_os2.o
    0x20004acc        -       0x0000005c   Zero   RW         1911    .bss.vApplicationGetIdleTaskMemory.Idle_TCB  cmsis_os2.o
    0x20004b28        -       0x00000400   Zero   RW         1914    .bss.vApplicationGetTimerTaskMemory.Timer_Stack  cmsis_os2.o
    0x20004f28        -       0x0000005c   Zero   RW         1913    .bss.vApplicationGetTimerTaskMemory.Timer_TCB  cmsis_os2.o
    0x20004f84        -       0x00000014   Zero   RW         1732    .bss.xActiveTimerList1  timers.o
    0x20004f98        -       0x00000014   Zero   RW         1733    .bss.xActiveTimerList2  timers.o
    0x20004fac        -       0x00000004   Zero   RW         1939    .bss.xBlockAllocatedBit  heap_4.o
    0x20004fb0        -       0x00000014   Zero   RW         1663    .bss.xDelayedTaskList1  tasks.o
    0x20004fc4        -       0x00000014   Zero   RW         1664    .bss.xDelayedTaskList2  tasks.o
    0x20004fd8        -       0x00000004   Zero   RW         1940    .bss.xFreeBytesRemaining  heap_4.o
    0x20004fdc        -       0x00000004   Zero   RW         1658    .bss.xIdleTaskHandle  tasks.o
    0x20004fe0        -       0x00000004   Zero   RW         1942    .bss.xMinimumEverFreeBytesRemaining  heap_4.o
    0x20004fe4        -       0x00000004   Zero   RW         1659    .bss.xNextTaskUnblockTime  tasks.o
    0x20004fe8        -       0x00000004   Zero   RW         1662    .bss.xNumOfOverflows  tasks.o
    0x20004fec        -       0x00000004   Zero   RW         1943    .bss.xNumberOfSuccessfulAllocations  heap_4.o
    0x20004ff0        -       0x00000004   Zero   RW         1944    .bss.xNumberOfSuccessfulFrees  heap_4.o
    0x20004ff4        -       0x00000004   Zero   RW         1661    .bss.xPendedTicks   tasks.o
    0x20004ff8        -       0x00000014   Zero   RW         1656    .bss.xPendingReadyList  tasks.o
    0x2000500c        -       0x00000040   Zero   RW         1454    .bss.xQueueRegistry  queue.o
    0x2000504c        -       0x00000004   Zero   RW         1648    .bss.xSchedulerRunning  tasks.o
    0x20005050        -       0x00000008   Zero   RW         1941    .bss.xStart         heap_4.o
    0x20005058        -       0x00000014   Zero   RW         1653    .bss.xSuspendedTaskList  tasks.o
    0x2000506c        -       0x00000014   Zero   RW         1645    .bss.xTasksWaitingTermination  tasks.o
    0x20005080        -       0x00000004   Zero   RW         1650    .bss.xTickCount     tasks.o
    0x20005084        -       0x00000004   Zero   RW         1726    .bss.xTimerQueue    timers.o
    0x20005088        -       0x00000004   Zero   RW         1728    .bss.xTimerTaskHandle  timers.o
    0x2000508c        -       0x00000004   Zero   RW         1660    .bss.xYieldPending  tasks.o
    0x20005090        -       0x00004000   Zero   RW            1    STACK               startup_stm32f407xx.o


    Execution Region RW_IRAM2 (Exec base: 0x2001c000, Load base: 0x08007898, Size: 0x00000000, Max: 0x00004000, ABSOLUTE)

    **** No section assigned to this execution region ****


==============================================================================

Image component sizes


      Code (inc. data)   RO Data    RW Data    ZI Data      Debug   Object Name

       252         12          0          0          0        912   all_task.o
       240          0          0          0          0       1621   bsp_can.o
       160          0          0          0          0        952   bsp_rc.o
       544          0          0          0         84       6399   can.o
       960          0          0          0        168       5629   can_receive.o
       746          0          0          0       1724      35054   cmsis_os2.o
        60          0          0          0          0       3250   dma.o
       202          0        222          0         20       3343   freertos.o
        94          0          0          0        160       1692   gimbalcontrol.o
       210          0          0          0          0       1545   gpio.o
      1084          0          0          0      15392       4389   heap_4.o
       296          0          0          0          0       2188   list.o
      1058          4          0          0          0       3111   m2006_driver.o
      1256         12          0          0          0       3220   m3508_driver.o
       282          0          0          0          0       5722   main.o
       130          0          0          0          0       2545   pid.o
      1128         16          0          4          5       3820   port.o
      2604          0          0          0         64      17273   queue.o
       662          0          0          0        100       2648   remote_control.o
       472          0          0          0        988       2395   shoot_control.o
        36          8        392          0      16384        808   startup_stm32f407xx.o
        92          0          0          5          4       7127   stm32f4xx_hal.o
      3082          0          0          0          0      11521   stm32f4xx_hal_can.o
       384          0          0          0          0       9707   stm32f4xx_hal_cortex.o
      1490          8          8          0          0       8456   stm32f4xx_hal_dma.o
       950          0          0          0          0       5071   stm32f4xx_hal_gpio.o
        88          0          0          0          0       3317   stm32f4xx_hal_msp.o
      2730          0          0          0          0       7584   stm32f4xx_hal_rcc.o
      1400          0          0          0          0      36016   stm32f4xx_hal_tim.o
        16          0          0          0          0      15300   stm32f4xx_hal_tim_ex.o
       240          0          0          0         72       7067   stm32f4xx_hal_timebase_tim.o
       472          0          0          0          0      20385   stm32f4xx_hal_uart.o
        86          0          0          0          0       1136   stm32f4xx_it.o
        18          0         24          4          0       2473   system_stm32f4xx.o
      3918          0          5          0       1280      24125   tasks.o
      1692         10         13          0        300      11551   timers.o
       514          0          0          0        240       7465   usart.o

    ----------------------------------------------------------------------
     29840         70        698         16      36992     286817   Object Totals
         0          0         32          0          0          0   (incl. Generated)
       192          0          2          3          7          0   (incl. Padding)

    ----------------------------------------------------------------------

      Code (inc. data)   RO Data    RW Data    ZI Data      Debug   Library Member Name

         0          0          0          0          0          0   entry.o
         0          0          0          0          0          0   entry10a.o
         0          0          0          0          0          0   entry11a.o
         8          4          0          0          0          0   entry2.o
         4          0          0          0          0          0   entry5.o
         0          0          0          0          0          0   entry7b.o
         0          0          0          0          0          0   entry8b.o
         8          4          0          0          0          0   entry9a.o
        30          0          0          0          0          0   handlers.o
        36          8          0          0          0         68   init.o
        30          0          0          0          0         68   llshl.o
        32          0          0          0          0         68   llushr.o
        36          0          0          0          0         68   memcpya.o
        36          0          0          0          0        108   memseta.o
        98          0          0          0          0         92   uldiv.o

    ----------------------------------------------------------------------
       318         16          0          0          0        472   Library Totals
         0          0          0          0          0          0   (incl. Padding)

    ----------------------------------------------------------------------

      Code (inc. data)   RO Data    RW Data    ZI Data      Debug   Library Name

       318         16          0          0          0        472   mc_w.l

    ----------------------------------------------------------------------
       318         16          0          0          0        472   Library Totals

    ----------------------------------------------------------------------

==============================================================================


      Code (inc. data)   RO Data    RW Data    ZI Data      Debug   

     30158         86        698         16      36992     286777   Grand Totals
     30158         86        698         16      36992     286777   ELF Image Totals
     30158         86        698         16          0          0   ROM Totals

==============================================================================

    Total RO  Size (Code + RO Data)                30856 (  30.13kB)
    Total RW  Size (RW Data + ZI Data)             37008 (  36.14kB)
    Total ROM Size (Code + RO Data + RW Data)      30872 (  30.15kB)

==============================================================================

